Archive member included to satisfy reference by file (symbol)

/Applications/STM32CubeIDE.app/Contents/Eclipse/plugins/com.st.stm32cube.ide.mcu.externaltools.gnu-tools-for-stm32.13.3.rel1.macos64_1.0.100.202509120712/tools/bin/../lib/gcc/arm-none-eabi/13.3.1/../../../../arm-none-eabi/lib/thumb/v8-m.main+dp/hard/libc_nano.a(libc_a-assert.o)
                              ./Core/Src/ads131m0x.o (__assert_func)
/Applications/STM32CubeIDE.app/Contents/Eclipse/plugins/com.st.stm32cube.ide.mcu.externaltools.gnu-tools-for-stm32.13.3.rel1.macos64_1.0.100.202509120712/tools/bin/../lib/gcc/arm-none-eabi/13.3.1/../../../../arm-none-eabi/lib/thumb/v8-m.main+dp/hard/libc_nano.a(libc_a-exit.o)
                              /Applications/STM32CubeIDE.app/Contents/Eclipse/plugins/com.st.stm32cube.ide.mcu.externaltools.gnu-tools-for-stm32.13.3.rel1.macos64_1.0.100.202509120712/tools/bin/../lib/gcc/arm-none-eabi/13.3.1/../../../../arm-none-eabi/lib/thumb/v8-m.main+dp/hard/crt0.o (exit)
/Applications/STM32CubeIDE.app/Contents/Eclipse/plugins/com.st.stm32cube.ide.mcu.externaltools.gnu-tools-for-stm32.13.3.rel1.macos64_1.0.100.202509120712/tools/bin/../lib/gcc/arm-none-eabi/13.3.1/../../../../arm-none-eabi/lib/thumb/v8-m.main+dp/hard/libc_nano.a(libc_a-sprintf.o)
                              ./Core/Src/main.o (sprintf)
/Applications/STM32CubeIDE.app/Contents/Eclipse/plugins/com.st.stm32cube.ide.mcu.externaltools.gnu-tools-for-stm32.13.3.rel1.macos64_1.0.100.202509120712/tools/bin/../lib/gcc/arm-none-eabi/13.3.1/../../../../arm-none-eabi/lib/thumb/v8-m.main+dp/hard/libc_nano.a(libc_a-findfp.o)
                              /Applications/STM32CubeIDE.app/Contents/Eclipse/plugins/com.st.stm32cube.ide.mcu.externaltools.gnu-tools-for-stm32.13.3.rel1.macos64_1.0.100.202509120712/tools/bin/../lib/gcc/arm-none-eabi/13.3.1/../../../../arm-none-eabi/lib/thumb/v8-m.main+dp/hard/libc_nano.a(libc_a-exit.o) (__stdio_exit_handler)
/Applications/STM32CubeIDE.app/Contents/Eclipse/plugins/com.st.stm32cube.ide.mcu.externaltools.gnu-tools-for-stm32.13.3.rel1.macos64_1.0.100.202509120712/tools/bin/../lib/gcc/arm-none-eabi/13.3.1/../../../../arm-none-eabi/lib/thumb/v8-m.main+dp/hard/libc_nano.a(libc_a-fprintf.o)
                              /Applications/STM32CubeIDE.app/Contents/Eclipse/plugins/com.st.stm32cube.ide.mcu.externaltools.gnu-tools-for-stm32.13.3.rel1.macos64_1.0.100.202509120712/tools/bin/../lib/gcc/arm-none-eabi/13.3.1/../../../../arm-none-eabi/lib/thumb/v8-m.main+dp/hard/libc_nano.a(libc_a-assert.o) (fiprintf)
/Applications/STM32CubeIDE.app/Contents/Eclipse/plugins/com.st.stm32cube.ide.mcu.externaltools.gnu-tools-for-stm32.13.3.rel1.macos64_1.0.100.202509120712/tools/bin/../lib/gcc/arm-none-eabi/13.3.1/../../../../arm-none-eabi/lib/thumb/v8-m.main+dp/hard/libc_nano.a(libc_a-fwalk.o)
                              /Applications/STM32CubeIDE.app/Contents/Eclipse/plugins/com.st.stm32cube.ide.mcu.externaltools.gnu-tools-for-stm32.13.3.rel1.macos64_1.0.100.202509120712/tools/bin/../lib/gcc/arm-none-eabi/13.3.1/../../../../arm-none-eabi/lib/thumb/v8-m.main+dp/hard/libc_nano.a(libc_a-findfp.o) (_fwalk_sglue)
/Applications/STM32CubeIDE.app/Contents/Eclipse/plugins/com.st.stm32cube.ide.mcu.externaltools.gnu-tools-for-stm32.13.3.rel1.macos64_1.0.100.202509120712/tools/bin/../lib/gcc/arm-none-eabi/13.3.1/../../../../arm-none-eabi/lib/thumb/v8-m.main+dp/hard/libc_nano.a(libc_a-memset.o)
                              /Applications/STM32CubeIDE.app/Contents/Eclipse/plugins/com.st.stm32cube.ide.mcu.externaltools.gnu-tools-for-stm32.13.3.rel1.macos64_1.0.100.202509120712/tools/bin/../lib/gcc/arm-none-eabi/13.3.1/../../../../arm-none-eabi/lib/thumb/v8-m.main+dp/hard/crt0.o (memset)
/Applications/STM32CubeIDE.app/Contents/Eclipse/plugins/com.st.stm32cube.ide.mcu.externaltools.gnu-tools-for-stm32.13.3.rel1.macos64_1.0.100.202509120712/tools/bin/../lib/gcc/arm-none-eabi/13.3.1/../../../../arm-none-eabi/lib/thumb/v8-m.main+dp/hard/libc_nano.a(libc_a-strcat.o)
                              ./Core/Src/main.o (strcat)
/Applications/STM32CubeIDE.app/Contents/Eclipse/plugins/com.st.stm32cube.ide.mcu.externaltools.gnu-tools-for-stm32.13.3.rel1.macos64_1.0.100.202509120712/tools/bin/../lib/gcc/arm-none-eabi/13.3.1/../../../../arm-none-eabi/lib/thumb/v8-m.main+dp/hard/libc_nano.a(libc_a-errno.o)
                              ./Core/Src/syscalls.o (__errno)
/Applications/STM32CubeIDE.app/Contents/Eclipse/plugins/com.st.stm32cube.ide.mcu.externaltools.gnu-tools-for-stm32.13.3.rel1.macos64_1.0.100.202509120712/tools/bin/../lib/gcc/arm-none-eabi/13.3.1/../../../../arm-none-eabi/lib/thumb/v8-m.main+dp/hard/libc_nano.a(libc_a-init.o)
                              /Applications/STM32CubeIDE.app/Contents/Eclipse/plugins/com.st.stm32cube.ide.mcu.externaltools.gnu-tools-for-stm32.13.3.rel1.macos64_1.0.100.202509120712/tools/bin/../lib/gcc/arm-none-eabi/13.3.1/../../../../arm-none-eabi/lib/thumb/v8-m.main+dp/hard/crt0.o (__libc_init_array)
[...]
Memory Configuration

Name             Origin             Length             Attributes
ROM              0x34000400         0x0007fc00         xrw
RAM              0x34080000         0x00180000         xrw
*default*        0x00000000         0xffffffff

Linker script and memory map

LOAD /Applications/STM32CubeIDE.app/Contents/Eclipse/plugins/com.st.stm32cube.ide.mcu.externaltools.gnu-tools-for-stm32.13.3.rel1.macos64_1.0.100.202509120712/tools/bin/../lib/gcc/arm-none-eabi/13.3.1/thumb/v8-m.main+dp/hard/crti.o
LOAD /Applications/STM32CubeIDE.app/Contents/Eclipse/plugins/com.st.stm32cube.ide.mcu.externaltools.gnu-tools-for-stm32.13.3.rel1.macos64_1.0.100.202509120712/tools/bin/../lib/gcc/arm-none-eabi/13.3.1/thumb/v8-m.main+dp/hard/crtbegin.o
LOAD /Applications/STM32CubeIDE.app/Contents/Eclipse/plugins/com.st.stm32cube.ide.mcu.externaltools.gnu-tools-for-stm32.13.3.rel1.macos64_1.0.100.202509120712/tools/bin/../lib/gcc/arm-none-eabi/13.3.1/../../../../arm-none-eabi/lib/thumb/v8-m.main+dp/hard/crt0.o
LOAD ./Core/Src/ads131m0x.o
LOAD ./Core/Src/main.o
LOAD ./Core/Src/radar.o
LOAD ./Core/Src/secure_nsc.o
LOAD ./Core/Src/stm32n6xx_hal_msp.o
LOAD ./Core/Src/stm32n6xx_it.o
LOAD ./Core/Src/syscalls.o
LOAD ./Core/Src/sysmem.o
LOAD ./Core/Src/system_stm32n6xx_s.o
LOAD ./Core/Startup/startup_stm32n657x0hxq.o
LOAD ./Drivers/STM32N6xx_HAL_Driver/stm32n6xx_hal.o
LOAD ./Drivers/STM32N6xx_HAL_Driver/stm32n6xx_hal_cortex.o
LOAD ./Drivers/STM32N6xx_HAL_Driver/stm32n6xx_hal_dma.o
LOAD ./Drivers/STM32N6xx_HAL_Driver/stm32n6xx_hal_dma_ex.o
LOAD ./Drivers/STM32N6xx_HAL_Driver/stm32n6xx_hal_exti.o
LOAD ./Drivers/STM32N6xx_HAL_Driver/stm32n6xx_hal_gpio.o
LOAD ./Drivers/STM32N6xx_HAL_Driver/stm32n6xx_hal_pwr.o
LOAD ./Drivers/STM32N6xx_HAL_Driver/stm32n6xx_hal_pwr_ex.o
LOAD ./Drivers/STM32N6xx_HAL_Driver/stm32n6xx_hal_rcc.o
LOAD ./Drivers/STM32N6xx_HAL_Driver/stm32n6xx_hal_rcc_ex.o
LOAD ./Drivers/STM32N6xx_HAL_Driver/stm32n6xx_hal_spi.o
LOAD ./Drivers/STM32N6xx_HAL_Driver/stm32n6xx_hal_spi_ex.o
LOAD ./Drivers/STM32N6xx_HAL_Driver/stm32n6xx_hal_uart.o
LOAD ./Drivers/STM32N6xx_HAL_Driver/stm32n6xx_hal_uart_ex.o
START GROUP
LOAD /Applications/STM32CubeIDE.app/Contents/Eclipse/plugins/com.st.stm32cube.ide.mcu.externaltools.gnu-tools-for-stm32.13.3.rel1.macos64_1.0.100.202509120712/tools/bin/../lib/gcc/arm-none-eabi/13.3.1/../../../../arm-none-eabi/lib/thumb/v8-m.main+dp/hard/libc_nano.a
LOAD /Applications/STM32CubeIDE.app/Contents/Eclipse/plugins/com.st.stm32cube.ide.mcu.externaltools.gnu-tools-for-stm32.13.3.rel1.macos64_1.0.100.202509120712/tools/bin/../lib/gcc/arm-none-eabi/13.3.1/../../../../arm-none-eabi/lib/thumb/v8-m.main+dp/hard/libm.a
END GROUP
START GROUP
LOAD /Applications/STM32CubeIDE.app/Contents/Eclipse/plugins/com.st.stm32cube.ide.mcu.externaltools.gnu-tools-for-stm32.13.3.rel1.macos64_1.0.100.202509120712/tools/bin/../lib/gcc/arm-none-eabi/13.3.1/thumb/v8-m.main+dp/hard/libgcc.a
LOAD /Applications/STM32CubeIDE.app/Contents/Eclipse/plugins/com.st.stm32cube.ide.mcu.externaltools.gnu-tools-for-stm32.13.3.rel1.macos64_1.0.100.202509120712/tools/bin/../lib/gcc/arm-none-eabi/13.3.1/../../../../arm-none-eabi/lib/thumb/v8-m.main+dp/hard/libc_nano.a
END GROUP
START GROUP
LOAD /Applications/STM32CubeIDE.app/Contents/Eclipse/plugins/com.st.stm32cube.ide.mcu.externaltools.gnu-tools-for-stm32.13.3.rel1.macos64_1.0.100.202509120712/tools/bin/../lib/gcc/arm-none-eabi/13.3.1/thumb/v8-m.main+dp/hard/libgcc.a
LOAD /Applications/STM32CubeIDE.app/Contents/Eclipse/plugins/com.st.stm32cube.ide.mcu.externaltools.gnu-tools-for-stm32.13.3.rel1.macos64_1.0.100.202509120712/tools/bin/../lib/gcc/arm-none-eabi/13.3.1/../../../../arm-none-eabi/lib/thumb/v8-m.main+dp/hard/libc_nano.a
LOAD /Applications/STM32CubeIDE.app/Contents/Eclipse/plugins/com.st.stm32cube.ide.mcu.externaltools.gnu-tools-for-stm32.13.3.rel1.macos64_1.0.100.202509120712/tools/bin/../lib/gcc/arm-none-eabi/13.3.1/../../../../arm-none-eabi/lib/thumb/v8-m.main+dp/hard/libnosys.a
END GROUP
START GROUP
LOAD /Applications/STM32CubeIDE.app/Contents/Eclipse/plugins/com.st.stm32cube.ide.mcu.externaltools.gnu-tools-for-stm32.13.3.rel1.macos64_1.0.100.202509120712/tools/bin/../lib/gcc/arm-none-eabi/13.3.1/thumb/v8-m.main+dp/hard/libgcc.a
LOAD /Applications/STM32CubeIDE.app/Contents/Eclipse/plugins/com.st.stm32cube.ide.mcu.externaltools.gnu-tools-for-stm32.13.3.rel1.macos64_1.0.100.202509120712/tools/bin/../lib/gcc/arm-none-eabi/13.3.1/../../../../arm-none-eabi/lib/thumb/v8-m.main+dp/hard/libc_nano.a
LOAD /Applications/STM32CubeIDE.app/Contents/Eclipse/plugins/com.st.stm32cube.ide.mcu.externaltools.gnu-tools-for-stm32.13.3.rel1.macos64_1.0.100.202509120712/tools/bin/../lib/gcc/arm-none-eabi/13.3.1/../../../../arm-none-eabi/lib/thumb/v8-m.main+dp/hard/libnosys.a
END GROUP
LOAD /Applications/STM32CubeIDE.app/Contents/Eclipse/plugins/com.st.stm32cube.ide.mcu.externaltools.gnu-tools-for-stm32.13.3.rel1.macos64_1.0.100.202509120712/tools/bin/../lib/gcc/arm-none-eabi/13.3.1/thumb/v8-m.main+dp/hard/crtend.o
LOAD /Applications/STM32CubeIDE.app/Contents/Eclipse/plugins/com.st.stm32cube.ide.mcu.externaltools.gnu-tools-for-stm32.13.3.rel1.macos64_1.0.100.202509120712/tools/bin/../lib/gcc/arm-none-eabi/13.3.1/thumb/v8-m.main+dp/hard/crtn.o
                0x34200000                        _estack = (ORIGIN (RAM) + LENGTH (RAM))
                0x341ff800                        _sstack = (_estack - _Min_Stack_Size)
                0x00000200                        _Min_Heap_Size = 0x200
                0x00000800                        _Min_Stack_Size = 0x800

.isr_vector     0x34000400      0x34c
                0x34000400                        . = ALIGN (0x4)
 *(.isr_vector)
 .isr_vector    0x34000400      0x34c ./Core/Startup/startup_stm32n657x0hxq.o
                0x34000400                g_pfnVectors
                0x3400074c                        . = ALIGN (0x4)

.text           0x3400074c     0xfd64
                0x3400074c                        . = ALIGN (0x4)
 *(.text)
 .text          0x3400074c       0x40 /Applications/STM32CubeIDE.app/Contents/Eclipse/plugins/com.st.stm32cube.ide.mcu.externaltools.gnu-tools-for-stm32.13.3.rel1.macos64_1.0.100.202509120712/tools/bin/../lib/gcc/arm-none-eabi/13.3.1/thumb/v8-m.main+dp/hard/crtbegin.o
 .text          0x3400078c       0x30 /Applications/STM32CubeIDE.app/Contents/Eclipse/plugins/com.st.stm32cube.ide.mcu.externaltools.gnu-tools-for-stm32.13.3.rel1.macos64_1.0.100.202509120712/tools/bin/../lib/gcc/arm-none-eabi/13.3.1/thumb/v8-m.main+dp/hard/libgcc.a(_aeabi_uldivmod.o)
                0x3400078c                __aeabi_uldivmod
 .text          0x340007bc      0x348 /Applications/STM32CubeIDE.app/Contents/Eclipse/plugins/com.st.stm32cube.ide.mcu.externaltools.gnu-tools-for-stm32.13.3.rel1.macos64_1.0.100.202509120712/tools/bin/../lib/gcc/arm-none-eabi/13.3.1/thumb/v8-m.main+dp/hard/libgcc.a(_udivmoddi4.o)
                0x340007bc                __udivmoddi4
 .text          0x34000b04        0x4 /Applications/STM32CubeIDE.app/Contents/Eclipse/plugins/com.st.stm32cube.ide.mcu.externaltools.gnu-tools-for-stm32.13.3.rel1.macos64_1.0.100.202509120712/tools/bin/../lib/gcc/arm-none-eabi/13.3.1/thumb/v8-m.main+dp/hard/libgcc.a(_dvmd_tls.o)
                0x34000b04                __aeabi_ldiv0
                0x34000b04                __aeabi_idiv0
 *(.text*)
 .text.HAL_SPI_AdcCallback
                0x34000b08       0x18 ./Core/Src/ads131m0x.o
                0x34000b08                HAL_SPI_AdcCallback
 .text.HAL_SPI_TX_AdcCallback
                0x34000b20       0x18 ./Core/Src/ads131m0x.o
                0x34000b20                HAL_SPI_TX_AdcCallback
 .text.HAL_DRDY_AdcCallback
                0x34000b38       0x18 ./Core/Src/ads131m0x.o
                0x34000b38                HAL_DRDY_AdcCallback
 .text.getRegisterValue
                0x34000b50       0x3c ./Core/Src/ads131m0x.o
                0x34000b50                getRegisterValue
 .text.setCS    0x34000b8c       0x24 ./Core/Src/ads131m0x.o
                0x34000b8c                setCS
 .text.sendCommandDMA
                0x34000bb0       0xa4 ./Core/Src/ads131m0x.o
                0x34000bb0                sendCommandDMA
 .text.adcStartup
                0x34000c54      0x128 ./Core/Src/ads131m0x.o
                0x34000c54                adcStartup
 .text.writeSingleRegister
                0x34000d7c      0x210 ./Core/Src/ads131m0x.o
                0x34000d7c                writeSingleRegister
 .text.SETGAIN  0x34000f8c       0x4c ./Core/Src/ads131m0x.o
                0x34000f8c                SETGAIN
 .text.SETCLOCK
                0x34000fd8       0x4e ./Core/Src/ads131m0x.o
                0x34000fd8                SETCLOCK
 .text.SETDCBLOCK
                0x34001026       0x3c ./Core/Src/ads131m0x.o
                0x34001026                SETDCBLOCK
 .text.CH0OFFSET
                0x34001062       0x5e ./Core/Src/ads131m0x.o
                0x34001062                CH0OFFSET
 .text.CH1OFFSET
                0x340010c0       0x5e ./Core/Src/ads131m0x.o
                0x340010c0                CH1OFFSET
 *fill*         0x3400111e        0x2 
 .text.AutoOffsetCH0CH1
                0x34001120      0x198 ./Core/Src/ads131m0x.o
                0x34001120                AutoOffsetCH0CH1
 .text.crc8     0x340012b8       0x44 ./Core/Src/ads131m0x.o
                0x340012b8                crc8
 .text.CommandHandler
                0x340012fc       0x90 ./Core/Src/ads131m0x.o
                0x340012fc                CommandHandler
 .text.readData_DMA
                0x3400138c       0x34 ./Core/Src/ads131m0x.o
                0x3400138c                readData_DMA
 .text.sendCommand
                0x340013c0      0x1a0 ./Core/Src/ads131m0x.o
                0x340013c0                sendCommand
 .text.restoreRegisterDefaults
                0x34001560       0xd8 ./Core/Src/ads131m0x.o
                0x34001560                restoreRegisterDefaults
 .text.upperByte
                0x34001638       0x20 ./Core/Src/ads131m0x.o
                0x34001638                upperByte
 .text.lowerByte
                0x34001658       0x1c ./Core/Src/ads131m0x.o
                0x34001658                lowerByte
 .text.combineBytes
                0x34001674       0x30 ./Core/Src/ads131m0x.o
                0x34001674                combineBytes
 .text.buildSPIarray
                0x340016a4       0x9c ./Core/Src/ads131m0x.o
                0x340016a4                buildSPIarray
 .text.enforce_selected_device_modes
                0x34001740       0x42 ./Core/Src/ads131m0x.o
                0x34001740                enforce_selected_device_modes
 *fill*         0x34001782        0x2 
 .text.LL_AHB1_GRP1_EnableClock
                0x34001784       0x2c ./Core/Src/main.o
 .text.LL_AHB3_GRP1_EnableClock
                0x340017b0       0x2c ./Core/Src/main.o
 .text.LL_AHB4_GRP1_EnableClock
                0x340017dc       0x2c ./Core/Src/main.o
 .text.main     0x34001808       0xd0 ./Core/Src/main.o
                0x34001808                main
 .text.MX_GPDMA1_Init
                0x340018d8       0x4e ./Core/Src/main.o
 *fill*         0x34001926        0x2 
 .text.MX_SPI5_Init
                0x34001928       0xac ./Core/Src/main.o
 .text.MX_USART1_UART_Init
                0x340019d4       0x9c ./Core/Src/main.o
 .text.MX_GPIO_Init
                0x34001a70       0xf4 ./Core/Src/main.o
 .text.SystemIsolation_Config
                0x34001b64       0x68 ./Core/Src/main.o
 .text.HAL_SPI_TxCpltCallback
                0x34001bcc       0x24 ./Core/Src/main.o
                0x34001bcc                HAL_SPI_TxCpltCallback
 .text.Error_Handler
                0x34001bf0        0xc ./Core/Src/main.o
                0x34001bf0                Error_Handler
 .text.ADS_Init
                0x34001bfc       0x48 ./Core/Src/radar.o
                0x34001bfc                ADS_Init
 .text.DrdyPulseCallback
                0x34001c44       0x18 ./Core/Src/radar.o
                0x34001c44                DrdyPulseCallback
 .text.DrdyExti
                0x34001c5c       0x28 ./Core/Src/radar.o
                0x34001c5c                DrdyExti
 .text.UartStartReceive
                0x34001c84       0x1c ./Core/Src/radar.o
                0x34001c84                UartStartReceive
 .text.UartRxcallback
                0x34001ca0       0x38 ./Core/Src/radar.o
                0x34001ca0                UartRxcallback
 .text.SECURE_RegisterCallback
                0x34001cd8       0x54 ./Core/Src/secure_nsc.o
                0x34001cd8                __acle_se_SECURE_RegisterCallback
 .text.LL_AHB4_GRP1_EnableClock
                0x34001d2c       0x2c ./Core/Src/stm32n6xx_hal_msp.o
 .text.LL_APB2_GRP1_EnableClock
                0x34001d58       0x2c ./Core/Src/stm32n6xx_hal_msp.o
 .text.HAL_MspInit
                0x34001d84       0x18 ./Core/Src/stm32n6xx_hal_msp.o
                0x34001d84                HAL_MspInit
 .text.HAL_SPI_MspInit
                0x34001d9c      0x268 ./Core/Src/stm32n6xx_hal_msp.o
                0x34001d9c                HAL_SPI_MspInit
 .text.HAL_UART_MspInit
                0x34002004      0x1f4 ./Core/Src/stm32n6xx_hal_msp.o
                0x34002004                HAL_UART_MspInit
 .text.NMI_Handler
                0x340021f8        0x8 ./Core/Src/stm32n6xx_it.o
                0x340021f8                NMI_Handler
 .text.HardFault_Handler
                0x34002200        0x8 ./Core/Src/stm32n6xx_it.o
                0x34002200                HardFault_Handler
 .text.MemManage_Handler
                0x34002208        0x8 ./Core/Src/stm32n6xx_it.o
                0x34002208                MemManage_Handler
 .text.BusFault_Handler
                0x34002210        0x8 ./Core/Src/stm32n6xx_it.o
                0x34002210                BusFault_Handler
 .text.UsageFault_Handler
                0x34002218        0x8 ./Core/Src/stm32n6xx_it.o
                0x34002218                UsageFault_Handler
 .text.SecureFault_Handler
                0x34002220        0x8 ./Core/Src/stm32n6xx_it.o
                0x34002220                SecureFault_Handler
 .text.SVC_Handler
                0x34002228        0xe ./Core/Src/stm32n6xx_it.o
                0x34002228                SVC_Handler
 .text.DebugMon_Handler
                0x34002236        0xe ./Core/Src/stm32n6xx_it.o
                0x34002236                DebugMon_Handler
 .text.PendSV_Handler
                0x34002244        0xe ./Core/Src/stm32n6xx_it.o
                0x34002244                PendSV_Handler
 .text.SysTick_Handler
                0x34002252        0xc ./Core/Src/stm32n6xx_it.o
                0x34002252                SysTick_Handler
 *fill*         0x3400225e        0x2 
 .text.EXTI11_IRQHandler
                0x34002260       0x34 ./Core/Src/stm32n6xx_it.o
                0x34002260                EXTI11_IRQHandler
 .text.GPDMA1_Channel0_IRQHandler
                0x34002294       0x28 ./Core/Src/stm32n6xx_it.o
                0x34002294                GPDMA1_Channel0_IRQHandler
 .text.GPDMA1_Channel1_IRQHandler
                0x340022bc       0x18 ./Core/Src/stm32n6xx_it.o
                0x340022bc                GPDMA1_Channel1_IRQHandler
 .text.GPDMA1_Channel2_IRQHandler
                0x340022d4       0x1c ./Core/Src/stm32n6xx_it.o
                0x340022d4                GPDMA1_Channel2_IRQHandler
 .text.GPDMA1_Channel3_IRQHandler
                0x340022f0       0x14 ./Core/Src/stm32n6xx_it.o
                0x340022f0                GPDMA1_Channel3_IRQHandler
 .text.SPI5_IRQHandler
                0x34002304       0x14 ./Core/Src/stm32n6xx_it.o
                0x34002304                SPI5_IRQHandler
 .text.USART1_IRQHandler
                0x34002318       0x14 ./Core/Src/stm32n6xx_it.o
                0x34002318                USART1_IRQHandler
 .text._getpid  0x3400232c       0x10 ./Core/Src/syscalls.o
                0x3400232c                _getpid
 .text._kill    0x3400233c       0x20 ./Core/Src/syscalls.o
                0x3400233c                _kill
 .text._exit    0x3400235c       0x16 ./Core/Src/syscalls.o
                0x3400235c                _exit
 .text._read    0x34002372       0x3a ./Core/Src/syscalls.o
                0x34002372                _read
 .text._write   0x340023ac       0x38 ./Core/Src/syscalls.o
                0x340023ac                _write
 .text._close   0x340023e4       0x18 ./Core/Src/syscalls.o
                0x340023e4                _close
 .text._fstat   0x340023fc       0x20 ./Core/Src/syscalls.o
                0x340023fc                _fstat
 .text._isatty  0x3400241c       0x16 ./Core/Src/syscalls.o
                0x3400241c                _isatty
 .text._lseek   0x34002432       0x1a ./Core/Src/syscalls.o
                0x34002432                _lseek
 .text._sbrk    0x3400244c       0x6c ./Core/Src/sysmem.o
                0x3400244c                _sbrk
 .text.TZ_SAU_Setup
                0x340024b8       0x74 ./Core/Src/system_stm32n6xx_s.o
 .text.SystemInit
                0x3400252c       0x70 ./Core/Src/system_stm32n6xx_s.o
                0x3400252c                SystemInit
 .text.SystemCoreClockUpdate
                0x3400259c      0x350 ./Core/Src/system_stm32n6xx_s.o
                0x3400259c                SystemCoreClockUpdate
 .text.SECURE_SystemCoreClockUpdate
                0x340028ec       0x2c ./Core/Src/system_stm32n6xx_s.o
                0x340028ec                __acle_se_SECURE_SystemCoreClockUpdate
 .text.Reset_Handler
                0x34002918       0x5c ./Core/Startup/startup_stm32n657x0hxq.o
                0x34002918                Reset_Handler
 .text.Default_Handler
                0x34002974        0x2 ./Core/Startup/startup_stm32n657x0hxq.o
                0x34002974                HASH_IRQHandler
                0x34002974                EXTI2_IRQHandler
                0x34002974                MCE2_IRQHandler
                0x34002974                TIM8_CC_IRQHandler
                0x34002974                USB2_OTG_HS_IRQHandler
                0x34002974                SAI1_A_IRQHandler
                0x34002974                EXTI5_IRQHandler
                0x34002974                I3C1_ER_IRQHandler
                0x34002974                UART8_IRQHandler
                0x34002974                CTI_INT0_IRQHandler
                0x34002974                SPI4_IRQHandler
                0x34002974                LTDC_LO_IRQHandler
                0x34002974                NPU2_IRQHandler
                0x34002974                FDCAN3_IT0_IRQHandler
                0x34002974                EXTI13_IRQHandler
                0x34002974                TIM1_CC_IRQHandler
                0x34002974                XSPI1_IRQHandler
                0x34002974                TIM10_IRQHandler
                0x34002974                JPEG_IRQHandler
                0x34002974                TAMP_IRQHandler
                0x34002974                CACHE_ECC_IRQHandler
                0x34002974                TIM6_IRQHandler
                0x34002974                CSI_IRQHandler
                0x34002974                EXTI12_IRQHandler
                0x34002974                GFXTIM_IRQHandler
                0x34002974                EXTI3_IRQHandler
                0x34002974                LPTIM4_IRQHandler
                0x34002974                GPDMA1_Channel5_IRQHandler
                0x34002974                EXTI8_IRQHandler
                0x34002974                LPTIM2_IRQHandler
                0x34002974                GFXMMU_IRQHandler
                0x34002974                LTDC_LO_ERR_IRQHandler
                0x34002974                I2C3_ER_IRQHandler
                0x34002974                RIFSC_TAMPER_IRQHandler
                0x34002974                USART10_IRQHandler
                0x34002974                MDF1_FLT2_IRQHandler
                0x34002974                LPTIM3_IRQHandler
                0x34002974                SAI2_A_IRQHandler
                0x34002974                EXTI0_IRQHandler
                0x34002974                HPDMA1_Channel9_IRQHandler
                0x34002974                I2C2_EV_IRQHandler
                0x34002974                GPU2D_IRQHandler
                0x34002974                FPU_IRQHandler
                0x34002974                GPDMA1_Channel7_IRQHandler
                0x34002974                MDF1_FLT4_IRQHandler
                0x34002974                FDCAN1_IT1_IRQHandler
                0x34002974                HPDMA1_Channel3_IRQHandler
                0x34002974                ADC1_2_IRQHandler
                0x34002974                GPDMA1_Channel9_IRQHandler
                0x34002974                SPI1_IRQHandler
                0x34002974                CACHEAXI_IRQHandler
                0x34002974                SAI1_B_IRQHandler
                0x34002974                PAHB_ERR_IRQHandler
                0x34002974                TIM8_UP_IRQHandler
                0x34002974                RCC_S_IRQHandler
                0x34002974                MDF1_FLT1_IRQHandler
                0x34002974                LTDC_UP_IRQHandler
                0x34002974                LOCKUP_IRQHandler
                0x34002974                PKA_IRQHandler
                0x34002974                USART6_IRQHandler
                0x34002974                HPDMA1_Channel2_IRQHandler
                0x34002974                MDF1_FLT5_IRQHandler
                0x34002974                MCE4_IRQHandler
                0x34002974                I3C2_ER_IRQHandler
                0x34002974                EXTI15_IRQHandler
                0x34002974                TIM17_IRQHandler
                0x34002974                USART3_IRQHandler
                0x34002974                HPDMA1_Channel6_IRQHandler
                0x34002974                CRYP_IRQHandler
                0x34002974                RTC_IRQHandler
                0x34002974                XSPI2_IRQHandler
                0x34002974                EXTI9_IRQHandler
                0x34002974                IAC_IRQHandler
                0x34002974                HPDMA1_Channel0_IRQHandler
                0x34002974                LPTIM5_IRQHandler
                0x34002974                HPDMA1_Channel1_IRQHandler
                0x34002974                UART5_IRQHandler
                0x34002974                TIM4_IRQHandler
                0x34002974                NPU3_IRQHandler
                0x34002974                I3C2_EV_IRQHandler
                0x34002974                I2C1_EV_IRQHandler
                0x34002974                FDCAN_CU_IRQHandler
                0x34002974                GPDMA1_Channel12_IRQHandler
                0x34002974                HPDMA1_Channel7_IRQHandler
                0x34002974                TIM16_IRQHandler
                0x34002974                GPDMA1_Channel15_IRQHandler
                0x34002974                UART4_IRQHandler
                0x34002974                TCM_ECC_IRQHandler
                0x34002974                TIM3_IRQHandler
                0x34002974                RCC_IRQHandler
                0x34002974                UART9_IRQHandler
                0x34002974                NPU1_IRQHandler
                0x34002974                SAI2_B_IRQHandler
                0x34002974                Default_Handler
                0x34002974                GPDMA1_Channel8_IRQHandler
                0x34002974                HPDMA1_Channel8_IRQHandler
                0x34002974                TIM18_IRQHandler
                0x34002974                TIM14_IRQHandler
                0x34002974                TIM13_IRQHandler
                0x34002974                CTI_INT1_IRQHandler
                0x34002974                GPDMA1_Channel11_IRQHandler
                0x34002974                GPU2D_ER_IRQHandler
                0x34002974                TIM12_IRQHandler
                0x34002974                TIM7_IRQHandler
                0x34002974                FDCAN3_IT1_IRQHandler
                0x34002974                HPDMA1_Channel10_IRQHandler
                0x34002974                SDMMC1_IRQHandler
                0x34002974                SAES_IRQHandler
                0x34002974                TIM5_IRQHandler
                0x34002974                UCPD1_IRQHandler
                0x34002974                I3C1_EV_IRQHandler
                0x34002974                HPDMA1_Channel5_IRQHandler
                0x34002974                TIM15_IRQHandler
                0x34002974                I2C3_EV_IRQHandler
                0x34002974                HPDMA1_Channel4_IRQHandler
                0x34002974                HPDMA1_Channel15_IRQHandler
                0x34002974                TIM9_IRQHandler
                0x34002974                ETH1_IRQHandler
                0x34002974                USB1_OTG_HS_IRQHandler
                0x34002974                PVD_PVM_IRQHandler
                0x34002974                SPI2_IRQHandler
                0x34002974                TIM1_TRG_CCU_IRQHandler
                0x34002974                HPDMA1_Channel11_IRQHandler
                0x34002974                EXTI14_IRQHandler
                0x34002974                VENC_IRQHandler
                0x34002974                GPDMA1_Channel14_IRQHandler
                0x34002974                EXTI4_IRQHandler
                0x34002974                RTC_S_IRQHandler
                0x34002974                GPDMA1_Channel13_IRQHandler
                0x34002974                RNG_IRQHandler
                0x34002974                XSPI3_IRQHandler
                0x34002974                FDCAN2_IT1_IRQHandler
                0x34002974                TIM1_UP_IRQHandler
                0x34002974                NPU0_IRQHandler
                0x34002974                BCK_ECC_IRQHandler
                0x34002974                WWDG_IRQHandler
                0x34002974                SPI6_IRQHandler
                0x34002974                MDIOS_IRQHandler
                0x34002974                I2C4_EV_IRQHandler
                0x34002974                FDCAN2_IT0_IRQHandler
                0x34002974                IWDG_IRQHandler
                0x34002974                HPDMA1_Channel14_IRQHandler
                0x34002974                LPUART1_IRQHandler
                0x34002974                FDCAN1_IT0_IRQHandler
                0x34002974                MDF1_FLT0_IRQHandler
                0x34002974                TIM2_IRQHandler
                0x34002974                MCE3_IRQHandler
                0x34002974                GPDMA1_Channel4_IRQHandler
                0x34002974                EXTI7_IRQHandler
                0x34002974                DMA2D_IRQHandler
                0x34002974                TIM1_BRK_IRQHandler
                0x34002974                EXTI1_IRQHandler
                0x34002974                SDMMC2_IRQHandler
                0x34002974                TIM11_IRQHandler
                0x34002974                LTDC_UP_ERR_IRQHandler
                0x34002974                UART7_IRQHandler
                0x34002974                DTS_IRQHandler
                0x34002974                MDF1_FLT3_IRQHandler
                0x34002974                USART2_IRQHandler
                0x34002974                GPDMA1_Channel6_IRQHandler
                0x34002974                ADF1_FLT0_IRQHandler
                0x34002974                I2C2_ER_IRQHandler
                0x34002974                MCE1_IRQHandler
                0x34002974                SPDIFRX_IRQHandler
                0x34002974                TIM8_BRK_IRQHandler
                0x34002974                HPDMA1_Channel12_IRQHandler
                0x34002974                EXTI10_IRQHandler
                0x34002974                SPI3_IRQHandler
                0x34002974                WAKEUP_PIN_IRQHandler
                0x34002974                DCMIPP_IRQHandler
                0x34002974                I2C1_ER_IRQHandler
                0x34002974                FMC_IRQHandler
                0x34002974                EXTI6_IRQHandler
                0x34002974                LPTIM1_IRQHandler
                0x34002974                DCMI_PSSI_IRQHandler
                0x34002974                TIM8_TRG_CCU_IRQHandler
                0x34002974                I2C4_ER_IRQHandler
                0x34002974                GPDMA1_Channel10_IRQHandler
                0x34002974                ICACHE_IRQHandler
                0x34002974                HPDMA1_Channel13_IRQHandler
 .text.HAL_Init
                0x34002976       0x28 ./Drivers/STM32N6xx_HAL_Driver/stm32n6xx_hal.o
                0x34002976                HAL_Init
 *fill*         0x3400299e        0x2 
 .text.HAL_InitTick
                0x340029a0       0x6c ./Drivers/STM32N6xx_HAL_Driver/stm32n6xx_hal.o
                0x340029a0                HAL_InitTick
 .text.HAL_IncTick
                0x34002a0c       0x28 ./Drivers/STM32N6xx_HAL_Driver/stm32n6xx_hal.o
                0x34002a0c                HAL_IncTick
 .text.HAL_GetTick
                0x34002a34       0x18 ./Drivers/STM32N6xx_HAL_Driver/stm32n6xx_hal.o
                0x34002a34                HAL_GetTick
 .text.HAL_Delay
                0x34002a4c       0x48 ./Drivers/STM32N6xx_HAL_Driver/stm32n6xx_hal.o
                0x34002a4c                HAL_Delay
 .text.HAL_SuspendTick
                0x34002a94       0x20 ./Drivers/STM32N6xx_HAL_Driver/stm32n6xx_hal.o
                0x34002a94                HAL_SuspendTick
 .text.__NVIC_SetPriorityGrouping
                0x34002ab4       0x48 ./Drivers/STM32N6xx_HAL_Driver/stm32n6xx_hal_cortex.o
 .text.__NVIC_GetPriorityGrouping
                0x34002afc       0x1c ./Drivers/STM32N6xx_HAL_Driver/stm32n6xx_hal_cortex.o
 .text.__NVIC_EnableIRQ
                0x34002b18       0x3c ./Drivers/STM32N6xx_HAL_Driver/stm32n6xx_hal_cortex.o
 .text.__NVIC_SetPriority
                0x34002b54       0x54 ./Drivers/STM32N6xx_HAL_Driver/stm32n6xx_hal_cortex.o
 .text.NVIC_EncodePriority
                0x34002ba8       0x66 ./Drivers/STM32N6xx_HAL_Driver/stm32n6xx_hal_cortex.o
 *fill*         0x34002c0e        0x2 
 .text.SysTick_Config
                0x34002c10       0x44 ./Drivers/STM32N6xx_HAL_Driver/stm32n6xx_hal_cortex.o
 .text.HAL_NVIC_SetPriorityGrouping
                0x34002c54       0x16 ./Drivers/STM32N6xx_HAL_Driver/stm32n6xx_hal_cortex.o
                0x34002c54                HAL_NVIC_SetPriorityGrouping
 .text.HAL_NVIC_SetPriority
                0x34002c6a       0x3a ./Drivers/STM32N6xx_HAL_Driver/stm32n6xx_hal_cortex.o
                0x34002c6a                HAL_NVIC_SetPriority
 .text.HAL_NVIC_EnableIRQ
                0x34002ca4       0x1c ./Drivers/STM32N6xx_HAL_Driver/stm32n6xx_hal_cortex.o
                0x34002ca4                HAL_NVIC_EnableIRQ
 .text.HAL_SYSTICK_Config
                0x34002cc0       0x18 ./Drivers/STM32N6xx_HAL_Driver/stm32n6xx_hal_cortex.o
                0x34002cc0                HAL_SYSTICK_Config
 .text.HAL_DMA_Init
                0x34002cd8      0x67c ./Drivers/STM32N6xx_HAL_Driver/stm32n6xx_hal_dma.o
                0x34002cd8                HAL_DMA_Init
 .text.HAL_DMA_Start_IT
                0x34003354       0xc0 ./Drivers/STM32N6xx_HAL_Driver/stm32n6xx_hal_dma.o
                0x34003354                HAL_DMA_Start_IT
 .text.HAL_DMA_Abort
                0x34003414       0xf8 ./Drivers/STM32N6xx_HAL_Driver/stm32n6xx_hal_dma.o
                0x34003414                HAL_DMA_Abort
 .text.HAL_DMA_Abort_IT
                0x3400350c       0x52 ./Drivers/STM32N6xx_HAL_Driver/stm32n6xx_hal_dma.o
                0x3400350c                HAL_DMA_Abort_IT
 .text.HAL_DMA_IRQHandler
                0x3400355e      0x2d2 ./Drivers/STM32N6xx_HAL_Driver/stm32n6xx_hal_dma.o
                0x3400355e                HAL_DMA_IRQHandler
 .text.HAL_DMA_GetError
                0x34003830       0x18 ./Drivers/STM32N6xx_HAL_Driver/stm32n6xx_hal_dma.o
                0x34003830                HAL_DMA_GetError
 .text.HAL_DMA_ConfigChannelAttributes
                0x34003848      0x114 ./Drivers/STM32N6xx_HAL_Driver/stm32n6xx_hal_dma.o
                0x34003848                HAL_DMA_ConfigChannelAttributes
 .text.DMA_SetConfig
                0x3400395c       0x4a ./Drivers/STM32N6xx_HAL_Driver/stm32n6xx_hal_dma.o
 *fill*         0x340039a6        0x2 
 .text.DMA_Init
                0x340039a8      0x948 ./Drivers/STM32N6xx_HAL_Driver/stm32n6xx_hal_dma.o
 .text.HAL_DMAEx_List_Start_IT
                0x340042f0      0x128 ./Drivers/STM32N6xx_HAL_Driver/stm32n6xx_hal_dma_ex.o
                0x340042f0                HAL_DMAEx_List_Start_IT
 .text.DMA_List_GetCLLRNodeInfo
                0x34004418       0x60 ./Drivers/STM32N6xx_HAL_Driver/stm32n6xx_hal_dma_ex.o
 .text.HAL_EXTI_ConfigLineAttributes
                0x34004478       0xc4 ./Drivers/STM32N6xx_HAL_Driver/stm32n6xx_hal_exti.o
                0x34004478                HAL_EXTI_ConfigLineAttributes
 .text.HAL_GPIO_Init
                0x3400453c      0x364 ./Drivers/STM32N6xx_HAL_Driver/stm32n6xx_hal_gpio.o
                0x3400453c                HAL_GPIO_Init
 .text.HAL_GPIO_WritePin
                0x340048a0       0x30 ./Drivers/STM32N6xx_HAL_Driver/stm32n6xx_hal_gpio.o
                0x340048a0                HAL_GPIO_WritePin
 .text.HAL_GPIO_EXTI_IRQHandler
                0x340048d0       0x4c ./Drivers/STM32N6xx_HAL_Driver/stm32n6xx_hal_gpio.o
                0x340048d0                HAL_GPIO_EXTI_IRQHandler
 .text.HAL_GPIO_EXTI_Rising_Callback
                0x3400491c       0x16 ./Drivers/STM32N6xx_HAL_Driver/stm32n6xx_hal_gpio.o
                0x3400491c                HAL_GPIO_EXTI_Rising_Callback
 .text.HAL_GPIO_EXTI_Falling_Callback
                0x34004932       0x16 ./Drivers/STM32N6xx_HAL_Driver/stm32n6xx_hal_gpio.o
                0x34004932                HAL_GPIO_EXTI_Falling_Callback
 .text.HAL_PWREx_EnableVddIO2
                0x34004948       0x20 ./Drivers/STM32N6xx_HAL_Driver/stm32n6xx_hal_pwr_ex.o
                0x34004948                HAL_PWREx_EnableVddIO2
 .text.HAL_PWREx_EnableVddIO3
                0x34004968       0x20 ./Drivers/STM32N6xx_HAL_Driver/stm32n6xx_hal_pwr_ex.o
                0x34004968                HAL_PWREx_EnableVddIO3
 .text.HAL_PWREx_EnableVddIO4
                0x34004988       0x20 ./Drivers/STM32N6xx_HAL_Driver/stm32n6xx_hal_pwr_ex.o
                0x34004988                HAL_PWREx_EnableVddIO4
 .text.HAL_PWREx_EnableVddIO5
                0x340049a8       0x20 ./Drivers/STM32N6xx_HAL_Driver/stm32n6xx_hal_pwr_ex.o
                0x340049a8                HAL_PWREx_EnableVddIO5
 .text.LL_RCC_HSI_GetDivider
                0x340049c8       0x1c ./Drivers/STM32N6xx_HAL_Driver/stm32n6xx_hal_rcc.o
 .text.LL_RCC_GetSysClkSource
                0x340049e4       0x1c ./Drivers/STM32N6xx_HAL_Driver/stm32n6xx_hal_rcc.o
 .text.LL_RCC_IC2_GetSource
                0x34004a00       0x1c ./Drivers/STM32N6xx_HAL_Driver/stm32n6xx_hal_rcc.o
 .text.LL_RCC_IC2_GetDivider
                0x34004a1c       0x20 ./Drivers/STM32N6xx_HAL_Driver/stm32n6xx_hal_rcc.o
 .text.HAL_RCC_GetSysClockFreq
                0x34004a3c       0x1e ./Drivers/STM32N6xx_HAL_Driver/stm32n6xx_hal_rcc.o
                0x34004a3c                HAL_RCC_GetSysClockFreq
 *fill*         0x34004a5a        0x2 
 .text.RCC_GetSysClockFreq
                0x34004a5c      0x104 ./Drivers/STM32N6xx_HAL_Driver/stm32n6xx_hal_rcc.o
 .text.LL_RCC_HSE_SelectHSEAsDiv2Clock
                0x34004b60       0x20 ./Drivers/STM32N6xx_HAL_Driver/stm32n6xx_hal_rcc_ex.o
 .text.LL_RCC_HSE_SelectHSEDiv2AsDiv2Clock
                0x34004b80       0x20 ./Drivers/STM32N6xx_HAL_Driver/stm32n6xx_hal_rcc_ex.o
 .text.LL_RCC_HSE_IsSelectedHSEDiv2AsDiv2Clock
                0x34004ba0       0x24 ./Drivers/STM32N6xx_HAL_Driver/stm32n6xx_hal_rcc_ex.o
 .text.LL_RCC_HSE_IsReady
                0x34004bc4       0x24 ./Drivers/STM32N6xx_HAL_Driver/stm32n6xx_hal_rcc_ex.o
 .text.LL_RCC_HSI_IsReady
                0x34004be8       0x24 ./Drivers/STM32N6xx_HAL_Driver/stm32n6xx_hal_rcc_ex.o
 .text.LL_RCC_HSI_GetDivider
                0x34004c0c       0x1c ./Drivers/STM32N6xx_HAL_Driver/stm32n6xx_hal_rcc_ex.o
 .text.LL_RCC_MSI_IsReady
                0x34004c28       0x24 ./Drivers/STM32N6xx_HAL_Driver/stm32n6xx_hal_rcc_ex.o
 .text.LL_RCC_MSI_GetFrequency
                0x34004c4c       0x1c ./Drivers/STM32N6xx_HAL_Driver/stm32n6xx_hal_rcc_ex.o
 .text.LL_RCC_LSE_IsReady
                0x34004c68       0x24 ./Drivers/STM32N6xx_HAL_Driver/stm32n6xx_hal_rcc_ex.o
 .text.LL_RCC_LSI_IsReady
                0x34004c8c       0x1c ./Drivers/STM32N6xx_HAL_Driver/stm32n6xx_hal_rcc_ex.o
 .text.LL_RCC_GetAHBPrescaler
                0x34004ca8       0x1c ./Drivers/STM32N6xx_HAL_Driver/stm32n6xx_hal_rcc_ex.o
 .text.LL_RCC_GetAPB1Prescaler
                0x34004cc4       0x1c ./Drivers/STM32N6xx_HAL_Driver/stm32n6xx_hal_rcc_ex.o
 .text.LL_RCC_GetAPB2Prescaler
                0x34004ce0       0x1c ./Drivers/STM32N6xx_HAL_Driver/stm32n6xx_hal_rcc_ex.o
 .text.LL_RCC_GetAPB4Prescaler
                0x34004cfc       0x1c ./Drivers/STM32N6xx_HAL_Driver/stm32n6xx_hal_rcc_ex.o
 .text.LL_RCC_GetAPB5Prescaler
                0x34004d18       0x1c ./Drivers/STM32N6xx_HAL_Driver/stm32n6xx_hal_rcc_ex.o
 .text.LL_RCC_SetClockSource
                0x34004d34       0x54 ./Drivers/STM32N6xx_HAL_Driver/stm32n6xx_hal_rcc_ex.o
 .text.LL_RCC_GetADCPrescaler
                0x34004d88       0x1c ./Drivers/STM32N6xx_HAL_Driver/stm32n6xx_hal_rcc_ex.o
 .text.LL_RCC_SetADFClockSource
                0x34004da4       0x2c ./Drivers/STM32N6xx_HAL_Driver/stm32n6xx_hal_rcc_ex.o
 .text.LL_RCC_SetCLKPClockSource
                0x34004dd0       0x2c ./Drivers/STM32N6xx_HAL_Driver/stm32n6xx_hal_rcc_ex.o
 .text.LL_RCC_SetDCMIPPClockSource
                0x34004dfc       0x2c ./Drivers/STM32N6xx_HAL_Driver/stm32n6xx_hal_rcc_ex.o
 .text.LL_RCC_SetETHClockSource
                0x34004e28       0x2c ./Drivers/STM32N6xx_HAL_Driver/stm32n6xx_hal_rcc_ex.o
 .text.LL_RCC_SetETHPHYInterface
                0x34004e54       0x2c ./Drivers/STM32N6xx_HAL_Driver/stm32n6xx_hal_rcc_ex.o
 .text.LL_RCC_GetETH1PTPDivider
                0x34004e80       0x1c ./Drivers/STM32N6xx_HAL_Driver/stm32n6xx_hal_rcc_ex.o
 .text.LL_RCC_SetETHREFRXClockSource
                0x34004e9c       0x2c ./Drivers/STM32N6xx_HAL_Driver/stm32n6xx_hal_rcc_ex.o
 .text.LL_RCC_SetETHREFTXClockSource
                0x34004ec8       0x2c ./Drivers/STM32N6xx_HAL_Driver/stm32n6xx_hal_rcc_ex.o
 .text.LL_RCC_SetFDCANClockSource
                0x34004ef4       0x2c ./Drivers/STM32N6xx_HAL_Driver/stm32n6xx_hal_rcc_ex.o
 .text.LL_RCC_SetFMCClockSource
                0x34004f20       0x2c ./Drivers/STM32N6xx_HAL_Driver/stm32n6xx_hal_rcc_ex.o
 .text.LL_RCC_SetI2CClockSource
                0x34004f4c       0x16 ./Drivers/STM32N6xx_HAL_Driver/stm32n6xx_hal_rcc_ex.o
 .text.LL_RCC_SetI3CClockSource
                0x34004f62       0x16 ./Drivers/STM32N6xx_HAL_Driver/stm32n6xx_hal_rcc_ex.o
 .text.LL_RCC_SetLPTIMClockSource
                0x34004f78       0x16 ./Drivers/STM32N6xx_HAL_Driver/stm32n6xx_hal_rcc_ex.o
 *fill*         0x34004f8e        0x2 
 .text.LL_RCC_SetLPUARTClockSource
                0x34004f90       0x2c ./Drivers/STM32N6xx_HAL_Driver/stm32n6xx_hal_rcc_ex.o
 .text.LL_RCC_SetLTDCClockSource
                0x34004fbc       0x2c ./Drivers/STM32N6xx_HAL_Driver/stm32n6xx_hal_rcc_ex.o
 .text.LL_RCC_SetMDFClockSource
                0x34004fe8       0x2c ./Drivers/STM32N6xx_HAL_Driver/stm32n6xx_hal_rcc_ex.o
 .text.LL_RCC_SetOTGPHYClockSource
                0x34005014       0x16 ./Drivers/STM32N6xx_HAL_Driver/stm32n6xx_hal_rcc_ex.o
 .text.LL_RCC_SetOTGPHYCKREFClockSource
                0x3400502a       0x16 ./Drivers/STM32N6xx_HAL_Driver/stm32n6xx_hal_rcc_ex.o
 .text.LL_RCC_SetPSSIClockSource
                0x34005040       0x2c ./Drivers/STM32N6xx_HAL_Driver/stm32n6xx_hal_rcc_ex.o
 .text.LL_RCC_SetSAIClockSource
                0x3400506c       0x16 ./Drivers/STM32N6xx_HAL_Driver/stm32n6xx_hal_rcc_ex.o
 .text.LL_RCC_SetSDMMCClockSource
                0x34005082       0x16 ./Drivers/STM32N6xx_HAL_Driver/stm32n6xx_hal_rcc_ex.o
 .text.LL_RCC_SetSPDIFRXClockSource
                0x34005098       0x2c ./Drivers/STM32N6xx_HAL_Driver/stm32n6xx_hal_rcc_ex.o
 .text.LL_RCC_SetSPIClockSource
                0x340050c4       0x16 ./Drivers/STM32N6xx_HAL_Driver/stm32n6xx_hal_rcc_ex.o
 .text.LL_RCC_SetUSARTClockSource
                0x340050da       0x16 ./Drivers/STM32N6xx_HAL_Driver/stm32n6xx_hal_rcc_ex.o
 .text.LL_RCC_SetXSPIClockSource
                0x340050f0       0x16 ./Drivers/STM32N6xx_HAL_Driver/stm32n6xx_hal_rcc_ex.o
 *fill*         0x34005106        0x2 
 .text.LL_RCC_GetClockSource
                0x34005108       0x4c ./Drivers/STM32N6xx_HAL_Driver/stm32n6xx_hal_rcc_ex.o
 .text.LL_RCC_GetADCClockSource
                0x34005154       0x24 ./Drivers/STM32N6xx_HAL_Driver/stm32n6xx_hal_rcc_ex.o
 .text.LL_RCC_GetADFClockSource
                0x34005178       0x24 ./Drivers/STM32N6xx_HAL_Driver/stm32n6xx_hal_rcc_ex.o
 .text.LL_RCC_GetCLKPClockSource
                0x3400519c       0x24 ./Drivers/STM32N6xx_HAL_Driver/stm32n6xx_hal_rcc_ex.o
 .text.LL_RCC_GetDCMIPPClockSource
                0x340051c0       0x24 ./Drivers/STM32N6xx_HAL_Driver/stm32n6xx_hal_rcc_ex.o
 .text.LL_RCC_GetETHClockSource
                0x340051e4       0x24 ./Drivers/STM32N6xx_HAL_Driver/stm32n6xx_hal_rcc_ex.o
 .text.LL_RCC_GetETHPTPClockSource
                0x34005208       0x24 ./Drivers/STM32N6xx_HAL_Driver/stm32n6xx_hal_rcc_ex.o
 .text.LL_RCC_GetFDCANClockSource
                0x3400522c       0x24 ./Drivers/STM32N6xx_HAL_Driver/stm32n6xx_hal_rcc_ex.o
 .text.LL_RCC_GetFMCClockSource
                0x34005250       0x24 ./Drivers/STM32N6xx_HAL_Driver/stm32n6xx_hal_rcc_ex.o
 .text.LL_RCC_GetI2CClockSource
                0x34005274       0x18 ./Drivers/STM32N6xx_HAL_Driver/stm32n6xx_hal_rcc_ex.o
 .text.LL_RCC_GetI3CClockSource
                0x3400528c       0x18 ./Drivers/STM32N6xx_HAL_Driver/stm32n6xx_hal_rcc_ex.o
 .text.LL_RCC_GetLPTIMClockSource
                0x340052a4       0x18 ./Drivers/STM32N6xx_HAL_Driver/stm32n6xx_hal_rcc_ex.o
 .text.LL_RCC_GetLPUARTClockSource
                0x340052bc       0x24 ./Drivers/STM32N6xx_HAL_Driver/stm32n6xx_hal_rcc_ex.o
 .text.LL_RCC_GetLTDCClockSource
                0x340052e0       0x24 ./Drivers/STM32N6xx_HAL_Driver/stm32n6xx_hal_rcc_ex.o
 .text.LL_RCC_GetMDFClockSource
                0x34005304       0x24 ./Drivers/STM32N6xx_HAL_Driver/stm32n6xx_hal_rcc_ex.o
 .text.LL_RCC_GetPSSIClockSource
                0x34005328       0x24 ./Drivers/STM32N6xx_HAL_Driver/stm32n6xx_hal_rcc_ex.o
 .text.LL_RCC_GetSAIClockSource
                0x3400534c       0x18 ./Drivers/STM32N6xx_HAL_Driver/stm32n6xx_hal_rcc_ex.o
 .text.LL_RCC_GetSDMMCClockSource
                0x34005364       0x18 ./Drivers/STM32N6xx_HAL_Driver/stm32n6xx_hal_rcc_ex.o
 .text.LL_RCC_GetSPDIFRXClockSource
                0x3400537c       0x24 ./Drivers/STM32N6xx_HAL_Driver/stm32n6xx_hal_rcc_ex.o
 .text.LL_RCC_GetSPIClockSource
                0x340053a0       0x18 ./Drivers/STM32N6xx_HAL_Driver/stm32n6xx_hal_rcc_ex.o
 .text.LL_RCC_GetUSARTClockSource
                0x340053b8       0x18 ./Drivers/STM32N6xx_HAL_Driver/stm32n6xx_hal_rcc_ex.o
 .text.LL_RCC_GetUARTClockSource
                0x340053d0       0x18 ./Drivers/STM32N6xx_HAL_Driver/stm32n6xx_hal_rcc_ex.o
 .text.LL_RCC_GetUSBClockSource
                0x340053e8       0x18 ./Drivers/STM32N6xx_HAL_Driver/stm32n6xx_hal_rcc_ex.o
 .text.LL_RCC_GetXSPIClockSource
                0x34005400       0x18 ./Drivers/STM32N6xx_HAL_Driver/stm32n6xx_hal_rcc_ex.o
 .text.LL_RCC_SetRTCClockSource
                0x34005418       0x2c ./Drivers/STM32N6xx_HAL_Driver/stm32n6xx_hal_rcc_ex.o
 .text.LL_RCC_GetRTCClockSource
                0x34005444       0x1c ./Drivers/STM32N6xx_HAL_Driver/stm32n6xx_hal_rcc_ex.o
 .text.LL_RCC_SetRTC_HSEPrescaler
                0x34005460       0x2c ./Drivers/STM32N6xx_HAL_Driver/stm32n6xx_hal_rcc_ex.o
 .text.LL_RCC_SetTIMPrescaler
                0x3400548c       0x2c ./Drivers/STM32N6xx_HAL_Driver/stm32n6xx_hal_rcc_ex.o
 .text.LL_RCC_GetTIMPrescaler
                0x340054b8       0x1c ./Drivers/STM32N6xx_HAL_Driver/stm32n6xx_hal_rcc_ex.o
 .text.LL_RCC_PLL1_GetSource
                0x340054d4       0x1c ./Drivers/STM32N6xx_HAL_Driver/stm32n6xx_hal_rcc_ex.o
 .text.LL_RCC_PLL1_IsReady
                0x340054f0       0x28 ./Drivers/STM32N6xx_HAL_Driver/stm32n6xx_hal_rcc_ex.o
 .text.LL_RCC_PLL1_IsEnabledBypass
                0x34005518       0x28 ./Drivers/STM32N6xx_HAL_Driver/stm32n6xx_hal_rcc_ex.o
 .text.LL_RCC_PLL1_GetN
                0x34005540       0x20 ./Drivers/STM32N6xx_HAL_Driver/stm32n6xx_hal_rcc_ex.o
 .text.LL_RCC_PLL1_GetM
                0x34005560       0x20 ./Drivers/STM32N6xx_HAL_Driver/stm32n6xx_hal_rcc_ex.o
 .text.LL_RCC_PLL1_GetP1
                0x34005580       0x20 ./Drivers/STM32N6xx_HAL_Driver/stm32n6xx_hal_rcc_ex.o
 .text.LL_RCC_PLL1_GetP2
                0x340055a0       0x20 ./Drivers/STM32N6xx_HAL_Driver/stm32n6xx_hal_rcc_ex.o
 .text.LL_RCC_PLL1P_IsEnabled
                0x340055c0       0x28 ./Drivers/STM32N6xx_HAL_Driver/stm32n6xx_hal_rcc_ex.o
 .text.LL_RCC_PLL1_GetFRACN
                0x340055e8       0x1c ./Drivers/STM32N6xx_HAL_Driver/stm32n6xx_hal_rcc_ex.o
 .text.LL_RCC_PLL2_GetSource
                0x34005604       0x1c ./Drivers/STM32N6xx_HAL_Driver/stm32n6xx_hal_rcc_ex.o
 .text.LL_RCC_PLL2_IsReady
                0x34005620       0x28 ./Drivers/STM32N6xx_HAL_Driver/stm32n6xx_hal_rcc_ex.o
 .text.LL_RCC_PLL2_IsEnabledBypass
                0x34005648       0x28 ./Drivers/STM32N6xx_HAL_Driver/stm32n6xx_hal_rcc_ex.o
 .text.LL_RCC_PLL2_GetN
                0x34005670       0x20 ./Drivers/STM32N6xx_HAL_Driver/stm32n6xx_hal_rcc_ex.o
 .text.LL_RCC_PLL2_GetM
                0x34005690       0x20 ./Drivers/STM32N6xx_HAL_Driver/stm32n6xx_hal_rcc_ex.o
 .text.LL_RCC_PLL2_GetP1
                0x340056b0       0x20 ./Drivers/STM32N6xx_HAL_Driver/stm32n6xx_hal_rcc_ex.o
 .text.LL_RCC_PLL2_GetP2
                0x340056d0       0x20 ./Drivers/STM32N6xx_HAL_Driver/stm32n6xx_hal_rcc_ex.o
 .text.LL_RCC_PLL2P_IsEnabled
                0x340056f0       0x28 ./Drivers/STM32N6xx_HAL_Driver/stm32n6xx_hal_rcc_ex.o
 .text.LL_RCC_PLL2_GetFRACN
                0x34005718       0x1c ./Drivers/STM32N6xx_HAL_Driver/stm32n6xx_hal_rcc_ex.o
 .text.LL_RCC_PLL3_GetSource
                0x34005734       0x1c ./Drivers/STM32N6xx_HAL_Driver/stm32n6xx_hal_rcc_ex.o
 .text.LL_RCC_PLL3_IsReady
                0x34005750       0x28 ./Drivers/STM32N6xx_HAL_Driver/stm32n6xx_hal_rcc_ex.o
 .text.LL_RCC_PLL3_IsEnabledBypass
                0x34005778       0x28 ./Drivers/STM32N6xx_HAL_Driver/stm32n6xx_hal_rcc_ex.o
 .text.LL_RCC_PLL3_GetN
                0x340057a0       0x20 ./Drivers/STM32N6xx_HAL_Driver/stm32n6xx_hal_rcc_ex.o
 .text.LL_RCC_PLL3_GetM
                0x340057c0       0x20 ./Drivers/STM32N6xx_HAL_Driver/stm32n6xx_hal_rcc_ex.o
 .text.LL_RCC_PLL3_GetP1
                0x340057e0       0x20 ./Drivers/STM32N6xx_HAL_Driver/stm32n6xx_hal_rcc_ex.o
 .text.LL_RCC_PLL3_GetP2
                0x34005800       0x20 ./Drivers/STM32N6xx_HAL_Driver/stm32n6xx_hal_rcc_ex.o
 .text.LL_RCC_PLL3P_IsEnabled
                0x34005820       0x28 ./Drivers/STM32N6xx_HAL_Driver/stm32n6xx_hal_rcc_ex.o
 .text.LL_RCC_PLL3_GetFRACN
                0x34005848       0x1c ./Drivers/STM32N6xx_HAL_Driver/stm32n6xx_hal_rcc_ex.o
 .text.LL_RCC_PLL4_GetSource
                0x34005864       0x1c ./Drivers/STM32N6xx_HAL_Driver/stm32n6xx_hal_rcc_ex.o
 .text.LL_RCC_PLL4_IsReady
                0x34005880       0x28 ./Drivers/STM32N6xx_HAL_Driver/stm32n6xx_hal_rcc_ex.o
 .text.LL_RCC_PLL4_IsEnabledBypass
                0x340058a8       0x28 ./Drivers/STM32N6xx_HAL_Driver/stm32n6xx_hal_rcc_ex.o
 .text.LL_RCC_PLL4_GetN
                0x340058d0       0x20 ./Drivers/STM32N6xx_HAL_Driver/stm32n6xx_hal_rcc_ex.o
 .text.LL_RCC_PLL4_GetM
                0x340058f0       0x20 ./Drivers/STM32N6xx_HAL_Driver/stm32n6xx_hal_rcc_ex.o
 .text.LL_RCC_PLL4_GetP1
                0x34005910       0x20 ./Drivers/STM32N6xx_HAL_Driver/stm32n6xx_hal_rcc_ex.o
 .text.LL_RCC_PLL4_GetP2
                0x34005930       0x20 ./Drivers/STM32N6xx_HAL_Driver/stm32n6xx_hal_rcc_ex.o
 .text.LL_RCC_PLL4P_IsEnabled
                0x34005950       0x28 ./Drivers/STM32N6xx_HAL_Driver/stm32n6xx_hal_rcc_ex.o
 .text.LL_RCC_PLL4_GetFRACN
                0x34005978       0x1c ./Drivers/STM32N6xx_HAL_Driver/stm32n6xx_hal_rcc_ex.o
 .text.LL_RCC_IC3_Enable
                0x34005994       0x1c ./Drivers/STM32N6xx_HAL_Driver/stm32n6xx_hal_rcc_ex.o
 .text.LL_RCC_IC3_IsEnabled
                0x340059b0       0x28 ./Drivers/STM32N6xx_HAL_Driver/stm32n6xx_hal_rcc_ex.o
 .text.LL_RCC_IC3_GetSource
                0x340059d8       0x1c ./Drivers/STM32N6xx_HAL_Driver/stm32n6xx_hal_rcc_ex.o
 .text.LL_RCC_IC3_GetDivider
                0x340059f4       0x20 ./Drivers/STM32N6xx_HAL_Driver/stm32n6xx_hal_rcc_ex.o
 .text.LL_RCC_IC4_Enable
                0x34005a14       0x1c ./Drivers/STM32N6xx_HAL_Driver/stm32n6xx_hal_rcc_ex.o
 .text.LL_RCC_IC4_IsEnabled
                0x34005a30       0x28 ./Drivers/STM32N6xx_HAL_Driver/stm32n6xx_hal_rcc_ex.o
 .text.LL_RCC_IC4_GetSource
                0x34005a58       0x1c ./Drivers/STM32N6xx_HAL_Driver/stm32n6xx_hal_rcc_ex.o
 .text.LL_RCC_IC4_GetDivider
                0x34005a74       0x20 ./Drivers/STM32N6xx_HAL_Driver/stm32n6xx_hal_rcc_ex.o
 .text.LL_RCC_IC5_Enable
                0x34005a94       0x1c ./Drivers/STM32N6xx_HAL_Driver/stm32n6xx_hal_rcc_ex.o
 .text.LL_RCC_IC5_IsEnabled
                0x34005ab0       0x28 ./Drivers/STM32N6xx_HAL_Driver/stm32n6xx_hal_rcc_ex.o
 .text.LL_RCC_IC5_GetSource
                0x34005ad8       0x1c ./Drivers/STM32N6xx_HAL_Driver/stm32n6xx_hal_rcc_ex.o
 .text.LL_RCC_IC5_GetDivider
                0x34005af4       0x20 ./Drivers/STM32N6xx_HAL_Driver/stm32n6xx_hal_rcc_ex.o
 .text.LL_RCC_IC7_Enable
                0x34005b14       0x1c ./Drivers/STM32N6xx_HAL_Driver/stm32n6xx_hal_rcc_ex.o
 .text.LL_RCC_IC7_IsEnabled
                0x34005b30       0x28 ./Drivers/STM32N6xx_HAL_Driver/stm32n6xx_hal_rcc_ex.o
 .text.LL_RCC_IC7_GetSource
                0x34005b58       0x1c ./Drivers/STM32N6xx_HAL_Driver/stm32n6xx_hal_rcc_ex.o
 .text.LL_RCC_IC7_GetDivider
                0x34005b74       0x20 ./Drivers/STM32N6xx_HAL_Driver/stm32n6xx_hal_rcc_ex.o
 .text.LL_RCC_IC8_Enable
                0x34005b94       0x1c ./Drivers/STM32N6xx_HAL_Driver/stm32n6xx_hal_rcc_ex.o
 .text.LL_RCC_IC8_IsEnabled
                0x34005bb0       0x28 ./Drivers/STM32N6xx_HAL_Driver/stm32n6xx_hal_rcc_ex.o
 .text.LL_RCC_IC8_GetSource
                0x34005bd8       0x1c ./Drivers/STM32N6xx_HAL_Driver/stm32n6xx_hal_rcc_ex.o
 .text.LL_RCC_IC8_GetDivider
                0x34005bf4       0x20 ./Drivers/STM32N6xx_HAL_Driver/stm32n6xx_hal_rcc_ex.o
 .text.LL_RCC_IC9_Enable
                0x34005c14       0x1c ./Drivers/STM32N6xx_HAL_Driver/stm32n6xx_hal_rcc_ex.o
 .text.LL_RCC_IC9_IsEnabled
                0x34005c30       0x28 ./Drivers/STM32N6xx_HAL_Driver/stm32n6xx_hal_rcc_ex.o
 .text.LL_RCC_IC9_GetSource
                0x34005c58       0x1c ./Drivers/STM32N6xx_HAL_Driver/stm32n6xx_hal_rcc_ex.o
 .text.LL_RCC_IC9_GetDivider
                0x34005c74       0x20 ./Drivers/STM32N6xx_HAL_Driver/stm32n6xx_hal_rcc_ex.o
 .text.LL_RCC_IC10_Enable
                0x34005c94       0x1c ./Drivers/STM32N6xx_HAL_Driver/stm32n6xx_hal_rcc_ex.o
 .text.LL_RCC_IC10_IsEnabled
                0x34005cb0       0x28 ./Drivers/STM32N6xx_HAL_Driver/stm32n6xx_hal_rcc_ex.o
 .text.LL_RCC_IC10_GetSource
                0x34005cd8       0x1c ./Drivers/STM32N6xx_HAL_Driver/stm32n6xx_hal_rcc_ex.o
 .text.LL_RCC_IC10_GetDivider
                0x34005cf4       0x20 ./Drivers/STM32N6xx_HAL_Driver/stm32n6xx_hal_rcc_ex.o
 .text.LL_RCC_IC12_Enable
                0x34005d14       0x1c ./Drivers/STM32N6xx_HAL_Driver/stm32n6xx_hal_rcc_ex.o
 .text.LL_RCC_IC12_IsEnabled
                0x34005d30       0x28 ./Drivers/STM32N6xx_HAL_Driver/stm32n6xx_hal_rcc_ex.o
 .text.LL_RCC_IC12_GetSource
                0x34005d58       0x1c ./Drivers/STM32N6xx_HAL_Driver/stm32n6xx_hal_rcc_ex.o
 .text.LL_RCC_IC12_GetDivider
                0x34005d74       0x20 ./Drivers/STM32N6xx_HAL_Driver/stm32n6xx_hal_rcc_ex.o
 .text.LL_RCC_IC13_Enable
                0x34005d94       0x1c ./Drivers/STM32N6xx_HAL_Driver/stm32n6xx_hal_rcc_ex.o
 .text.LL_RCC_IC13_IsEnabled
                0x34005db0       0x28 ./Drivers/STM32N6xx_HAL_Driver/stm32n6xx_hal_rcc_ex.o
 .text.LL_RCC_IC13_GetSource
                0x34005dd8       0x1c ./Drivers/STM32N6xx_HAL_Driver/stm32n6xx_hal_rcc_ex.o
 .text.LL_RCC_IC13_GetDivider
                0x34005df4       0x20 ./Drivers/STM32N6xx_HAL_Driver/stm32n6xx_hal_rcc_ex.o
 .text.LL_RCC_IC14_Enable
                0x34005e14       0x1c ./Drivers/STM32N6xx_HAL_Driver/stm32n6xx_hal_rcc_ex.o
 .text.LL_RCC_IC14_IsEnabled
                0x34005e30       0x28 ./Drivers/STM32N6xx_HAL_Driver/stm32n6xx_hal_rcc_ex.o
 .text.LL_RCC_IC14_GetSource
                0x34005e58       0x1c ./Drivers/STM32N6xx_HAL_Driver/stm32n6xx_hal_rcc_ex.o
 .text.LL_RCC_IC14_GetDivider
                0x34005e74       0x20 ./Drivers/STM32N6xx_HAL_Driver/stm32n6xx_hal_rcc_ex.o
 .text.LL_RCC_IC15_Enable
                0x34005e94       0x1c ./Drivers/STM32N6xx_HAL_Driver/stm32n6xx_hal_rcc_ex.o
 .text.LL_RCC_IC15_IsEnabled
                0x34005eb0       0x28 ./Drivers/STM32N6xx_HAL_Driver/stm32n6xx_hal_rcc_ex.o
 .text.LL_RCC_IC15_GetSource
                0x34005ed8       0x1c ./Drivers/STM32N6xx_HAL_Driver/stm32n6xx_hal_rcc_ex.o
 .text.LL_RCC_IC15_GetDivider
                0x34005ef4       0x20 ./Drivers/STM32N6xx_HAL_Driver/stm32n6xx_hal_rcc_ex.o
 .text.LL_RCC_IC16_Enable
                0x34005f14       0x1c ./Drivers/STM32N6xx_HAL_Driver/stm32n6xx_hal_rcc_ex.o
 .text.LL_RCC_IC16_IsEnabled
                0x34005f30       0x28 ./Drivers/STM32N6xx_HAL_Driver/stm32n6xx_hal_rcc_ex.o
 .text.LL_RCC_IC16_GetSource
                0x34005f58       0x1c ./Drivers/STM32N6xx_HAL_Driver/stm32n6xx_hal_rcc_ex.o
 .text.LL_RCC_IC16_GetDivider
                0x34005f74       0x20 ./Drivers/STM32N6xx_HAL_Driver/stm32n6xx_hal_rcc_ex.o
 .text.LL_RCC_IC17_Enable
                0x34005f94       0x1c ./Drivers/STM32N6xx_HAL_Driver/stm32n6xx_hal_rcc_ex.o
 .text.LL_RCC_IC17_IsEnabled
                0x34005fb0       0x28 ./Drivers/STM32N6xx_HAL_Driver/stm32n6xx_hal_rcc_ex.o
 .text.LL_RCC_IC17_GetSource
                0x34005fd8       0x1c ./Drivers/STM32N6xx_HAL_Driver/stm32n6xx_hal_rcc_ex.o
 .text.LL_RCC_IC17_GetDivider
                0x34005ff4       0x20 ./Drivers/STM32N6xx_HAL_Driver/stm32n6xx_hal_rcc_ex.o
 .text.LL_RCC_IC18_Enable
                0x34006014       0x1c ./Drivers/STM32N6xx_HAL_Driver/stm32n6xx_hal_rcc_ex.o
 .text.LL_RCC_IC18_IsEnabled
                0x34006030       0x28 ./Drivers/STM32N6xx_HAL_Driver/stm32n6xx_hal_rcc_ex.o
 .text.LL_RCC_IC18_GetSource
                0x34006058       0x1c ./Drivers/STM32N6xx_HAL_Driver/stm32n6xx_hal_rcc_ex.o
 .text.LL_RCC_IC18_GetDivider
                0x34006074       0x20 ./Drivers/STM32N6xx_HAL_Driver/stm32n6xx_hal_rcc_ex.o
 .text.LL_RCC_IC19_Enable
                0x34006094       0x1c ./Drivers/STM32N6xx_HAL_Driver/stm32n6xx_hal_rcc_ex.o
 .text.LL_RCC_IC19_IsEnabled
                0x340060b0       0x28 ./Drivers/STM32N6xx_HAL_Driver/stm32n6xx_hal_rcc_ex.o
 .text.LL_RCC_IC19_GetSource
                0x340060d8       0x1c ./Drivers/STM32N6xx_HAL_Driver/stm32n6xx_hal_rcc_ex.o
 .text.LL_RCC_IC19_GetDivider
                0x340060f4       0x20 ./Drivers/STM32N6xx_HAL_Driver/stm32n6xx_hal_rcc_ex.o
 .text.LL_RCC_IC20_Enable
                0x34006114       0x1c ./Drivers/STM32N6xx_HAL_Driver/stm32n6xx_hal_rcc_ex.o
 .text.LL_RCC_IC20_IsEnabled
                0x34006130       0x28 ./Drivers/STM32N6xx_HAL_Driver/stm32n6xx_hal_rcc_ex.o
 .text.LL_RCC_IC20_GetSource
                0x34006158       0x1c ./Drivers/STM32N6xx_HAL_Driver/stm32n6xx_hal_rcc_ex.o
 .text.LL_RCC_IC20_GetDivider
                0x34006174       0x20 ./Drivers/STM32N6xx_HAL_Driver/stm32n6xx_hal_rcc_ex.o
 .text.LL_RCC_CLKP_Enable
                0x34006194       0x1c ./Drivers/STM32N6xx_HAL_Driver/stm32n6xx_hal_rcc_ex.o
 .text.LL_RCC_CLKP_IsEnabled
                0x340061b0       0x28 ./Drivers/STM32N6xx_HAL_Driver/stm32n6xx_hal_rcc_ex.o
 .text.HAL_RCCEx_PeriphCLKConfig
                0x340061d8     0x25c8 ./Drivers/STM32N6xx_HAL_Driver/stm32n6xx_hal_rcc_ex.o
                0x340061d8                HAL_RCCEx_PeriphCLKConfig
 .text.HAL_RCCEx_GetPeriphCLKFreq
                0x340087a0      0x938 ./Drivers/STM32N6xx_HAL_Driver/stm32n6xx_hal_rcc_ex.o
                0x340087a0                HAL_RCCEx_GetPeriphCLKFreq
 .text.HAL_RCCEx_GetPLL1CLKFreq
                0x340090d8       0x8c ./Drivers/STM32N6xx_HAL_Driver/stm32n6xx_hal_rcc_ex.o
                0x340090d8                HAL_RCCEx_GetPLL1CLKFreq
 .text.HAL_RCCEx_GetPLL2CLKFreq
                0x34009164       0x8c ./Drivers/STM32N6xx_HAL_Driver/stm32n6xx_hal_rcc_ex.o
                0x34009164                HAL_RCCEx_GetPLL2CLKFreq
 .text.HAL_RCCEx_GetPLL3CLKFreq
                0x340091f0       0x8c ./Drivers/STM32N6xx_HAL_Driver/stm32n6xx_hal_rcc_ex.o
                0x340091f0                HAL_RCCEx_GetPLL3CLKFreq
 .text.HAL_RCCEx_GetPLL4CLKFreq
                0x3400927c       0x8c ./Drivers/STM32N6xx_HAL_Driver/stm32n6xx_hal_rcc_ex.o
                0x3400927c                HAL_RCCEx_GetPLL4CLKFreq
 .text.RCCEx_GetHCLKFreq
                0x34009308       0x22 ./Drivers/STM32N6xx_HAL_Driver/stm32n6xx_hal_rcc_ex.o
 .text.RCCEx_GetPCLK1Freq
                0x3400932a       0x20 ./Drivers/STM32N6xx_HAL_Driver/stm32n6xx_hal_rcc_ex.o
 .text.RCCEx_GetPCLK2Freq
                0x3400934a       0x22 ./Drivers/STM32N6xx_HAL_Driver/stm32n6xx_hal_rcc_ex.o
 .text.RCCEx_GetPCLK4Freq
                0x3400936c       0x22 ./Drivers/STM32N6xx_HAL_Driver/stm32n6xx_hal_rcc_ex.o
 .text.RCCEx_GetPCLK5Freq
                0x3400938e       0x22 ./Drivers/STM32N6xx_HAL_Driver/stm32n6xx_hal_rcc_ex.o
 .text.RCCEx_GetPLLSourceFreq
                0x340093b0       0xbc ./Drivers/STM32N6xx_HAL_Driver/stm32n6xx_hal_rcc_ex.o
 .text.RCCEx_CalcPLLFreq
                0x3400946c       0x98 ./Drivers/STM32N6xx_HAL_Driver/stm32n6xx_hal_rcc_ex.o
 .text.RCCEx_GetADCCLKFreq
                0x34009504      0x204 ./Drivers/STM32N6xx_HAL_Driver/stm32n6xx_hal_rcc_ex.o
 .text.RCCEx_GetADFCLKFreq
                0x34009708      0x1d8 ./Drivers/STM32N6xx_HAL_Driver/stm32n6xx_hal_rcc_ex.o
 .text.RCCEx_GetCLKPCLKFreq
                0x340098e0      0x36c ./Drivers/STM32N6xx_HAL_Driver/stm32n6xx_hal_rcc_ex.o
 .text.RCCEx_GetCSICLKFreq
                0x34009c4c       0x98 ./Drivers/STM32N6xx_HAL_Driver/stm32n6xx_hal_rcc_ex.o
 .text.RCCEx_GetDCMIPPCLKFreq
                0x34009ce4      0x114 ./Drivers/STM32N6xx_HAL_Driver/stm32n6xx_hal_rcc_ex.o
 .text.RCCEx_GetETH1CLKFreq
                0x34009df8      0x100 ./Drivers/STM32N6xx_HAL_Driver/stm32n6xx_hal_rcc_ex.o
 .text.RCCEx_GetETH1PTPCLKFreq
                0x34009ef8      0x108 ./Drivers/STM32N6xx_HAL_Driver/stm32n6xx_hal_rcc_ex.o
 .text.RCCEx_GetFDCANCLKFreq
                0x3400a000      0x100 ./Drivers/STM32N6xx_HAL_Driver/stm32n6xx_hal_rcc_ex.o
 .text.RCCEx_GetFMCCLKFreq
                0x3400a100      0x16e ./Drivers/STM32N6xx_HAL_Driver/stm32n6xx_hal_rcc_ex.o
 *fill*         0x3400a26e        0x2 
 .text.RCCEx_GetI2CCLKFreq
                0x3400a270      0x350 ./Drivers/STM32N6xx_HAL_Driver/stm32n6xx_hal_rcc_ex.o
 .text.RCCEx_GetI3CCLKFreq
                0x3400a5c0      0x268 ./Drivers/STM32N6xx_HAL_Driver/stm32n6xx_hal_rcc_ex.o
 .text.RCCEx_GetLPTIMCLKFreq
                0x3400a828      0x354 ./Drivers/STM32N6xx_HAL_Driver/stm32n6xx_hal_rcc_ex.o
 .text.RCCEx_GetLPUARTCLKFreq
                0x3400ab7c      0x204 ./Drivers/STM32N6xx_HAL_Driver/stm32n6xx_hal_rcc_ex.o
 .text.RCCEx_GetLTDCCLKFreq
                0x3400ad80      0x114 ./Drivers/STM32N6xx_HAL_Driver/stm32n6xx_hal_rcc_ex.o
 .text.RCCEx_GetMDFCLKFreq
                0x3400ae94      0x214 ./Drivers/STM32N6xx_HAL_Driver/stm32n6xx_hal_rcc_ex.o
 .text.RCCEx_GetPSSICLKFreq
                0x3400b0a8      0x104 ./Drivers/STM32N6xx_HAL_Driver/stm32n6xx_hal_rcc_ex.o
 .text.RCCEx_GetRTCCLKFreq
                0x3400b1ac       0xa4 ./Drivers/STM32N6xx_HAL_Driver/stm32n6xx_hal_rcc_ex.o
 .text.RCCEx_GetSAICLKFreq
                0x3400b250      0x2cc ./Drivers/STM32N6xx_HAL_Driver/stm32n6xx_hal_rcc_ex.o
 .text.RCCEx_GetSDMMCCLKFreq
                0x3400b51c      0x1d4 ./Drivers/STM32N6xx_HAL_Driver/stm32n6xx_hal_rcc_ex.o
 .text.RCCEx_GetSPDIFRXCLKFreq
                0x3400b6f0      0x1c8 ./Drivers/STM32N6xx_HAL_Driver/stm32n6xx_hal_rcc_ex.o
 .text.RCCEx_GetSPICLKFreq
                0x3400b8b8      0x5a4 ./Drivers/STM32N6xx_HAL_Driver/stm32n6xx_hal_rcc_ex.o
 .text.RCCEx_GetUARTCLKFreq
                0x3400be5c      0x454 ./Drivers/STM32N6xx_HAL_Driver/stm32n6xx_hal_rcc_ex.o
 .text.RCCEx_GetUSARTCLKFreq
                0x3400c2b0      0x454 ./Drivers/STM32N6xx_HAL_Driver/stm32n6xx_hal_rcc_ex.o
 .text.RCCEx_GetOTGPHYCLKFreq
                0x3400c704      0x16c ./Drivers/STM32N6xx_HAL_Driver/stm32n6xx_hal_rcc_ex.o
 .text.RCCEx_GetOTGPHYCKREFCLKFreq
                0x3400c870       0xa0 ./Drivers/STM32N6xx_HAL_Driver/stm32n6xx_hal_rcc_ex.o
 .text.RCCEx_GetXSPICLKFreq
                0x3400c910      0x220 ./Drivers/STM32N6xx_HAL_Driver/stm32n6xx_hal_rcc_ex.o
 .text.HAL_SPI_Init
                0x3400cb30      0x2b8 ./Drivers/STM32N6xx_HAL_Driver/stm32n6xx_hal_spi.o
                0x3400cb30                HAL_SPI_Init
 .text.HAL_SPI_TransmitReceive_DMA
                0x3400cde8      0x560 ./Drivers/STM32N6xx_HAL_Driver/stm32n6xx_hal_spi.o
                0x3400cde8                HAL_SPI_TransmitReceive_DMA
 .text.HAL_SPI_Abort
                0x3400d348      0x1ec ./Drivers/STM32N6xx_HAL_Driver/stm32n6xx_hal_spi.o
                0x3400d348                HAL_SPI_Abort
 .text.HAL_SPI_IRQHandler
                0x3400d534      0x3a8 ./Drivers/STM32N6xx_HAL_Driver/stm32n6xx_hal_spi.o
                0x3400d534                HAL_SPI_IRQHandler
 .text.HAL_SPI_RxCpltCallback
                0x3400d8dc       0x14 ./Drivers/STM32N6xx_HAL_Driver/stm32n6xx_hal_spi.o
                0x3400d8dc                HAL_SPI_RxCpltCallback
 .text.HAL_SPI_TxRxCpltCallback
                0x3400d8f0       0x14 ./Drivers/STM32N6xx_HAL_Driver/stm32n6xx_hal_spi.o
                0x3400d8f0                HAL_SPI_TxRxCpltCallback
 .text.HAL_SPI_TxRxHalfCpltCallback
                0x3400d904       0x14 ./Drivers/STM32N6xx_HAL_Driver/stm32n6xx_hal_spi.o
                0x3400d904                HAL_SPI_TxRxHalfCpltCallback
 .text.HAL_SPI_ErrorCallback
                0x3400d918       0x14 ./Drivers/STM32N6xx_HAL_Driver/stm32n6xx_hal_spi.o
                0x3400d918                HAL_SPI_ErrorCallback
 .text.HAL_SPI_SuspendCallback
                0x3400d92c       0x14 ./Drivers/STM32N6xx_HAL_Driver/stm32n6xx_hal_spi.o
                0x3400d92c                HAL_SPI_SuspendCallback
 .text.HAL_SPI_GetState
                0x3400d940       0x1c ./Drivers/STM32N6xx_HAL_Driver/stm32n6xx_hal_spi.o
                0x3400d940                HAL_SPI_GetState
 .text.SPI_DMATransmitReceiveCplt
                0x3400d95c       0x52 ./Drivers/STM32N6xx_HAL_Driver/stm32n6xx_hal_spi.o
 .text.SPI_DMAHalfTransmitReceiveCplt
                0x3400d9ae       0x1c ./Drivers/STM32N6xx_HAL_Driver/stm32n6xx_hal_spi.o
 .text.SPI_DMAError
                0x3400d9ca       0x46 ./Drivers/STM32N6xx_HAL_Driver/stm32n6xx_hal_spi.o
 .text.SPI_DMAAbortOnError
                0x3400da10       0x34 ./Drivers/STM32N6xx_HAL_Driver/stm32n6xx_hal_spi.o
 .text.SPI_AbortTransfer
                0x3400da44       0xc8 ./Drivers/STM32N6xx_HAL_Driver/stm32n6xx_hal_spi.o
 .text.SPI_CloseTransfer
                0x3400db0c      0x140 ./Drivers/STM32N6xx_HAL_Driver/stm32n6xx_hal_spi.o
 .text.SPI_GetPacketSize
                0x3400dc4c       0x36 ./Drivers/STM32N6xx_HAL_Driver/stm32n6xx_hal_spi.o
 .text.HAL_UART_Init
                0x3400dc82       0xa0 ./Drivers/STM32N6xx_HAL_Driver/stm32n6xx_hal_uart.o
                0x3400dc82                HAL_UART_Init
 .text.HAL_UART_Transmit
                0x3400dd22      0x132 ./Drivers/STM32N6xx_HAL_Driver/stm32n6xx_hal_uart.o
                0x3400dd22                HAL_UART_Transmit
 .text.HAL_UART_IRQHandler
                0x3400de54      0x678 ./Drivers/STM32N6xx_HAL_Driver/stm32n6xx_hal_uart.o
                0x3400de54                HAL_UART_IRQHandler
 .text.HAL_UART_TxCpltCallback
                0x3400e4cc       0x14 ./Drivers/STM32N6xx_HAL_Driver/stm32n6xx_hal_uart.o
                0x3400e4cc                HAL_UART_TxCpltCallback
 .text.HAL_UART_RxCpltCallback
                0x3400e4e0       0x14 ./Drivers/STM32N6xx_HAL_Driver/stm32n6xx_hal_uart.o
                0x3400e4e0                HAL_UART_RxCpltCallback
 .text.HAL_UART_RxHalfCpltCallback
                0x3400e4f4       0x14 ./Drivers/STM32N6xx_HAL_Driver/stm32n6xx_hal_uart.o
                0x3400e4f4                HAL_UART_RxHalfCpltCallback
 .text.HAL_UART_ErrorCallback
                0x3400e508       0x14 ./Drivers/STM32N6xx_HAL_Driver/stm32n6xx_hal_uart.o
                0x3400e508                HAL_UART_ErrorCallback
 .text.HAL_UARTEx_RxEventCallback
                0x3400e51c       0x18 ./Drivers/STM32N6xx_HAL_Driver/stm32n6xx_hal_uart.o
                0x3400e51c                HAL_UARTEx_RxEventCallback
 .text.UART_SetConfig
                0x3400e534      0x3d8 ./Drivers/STM32N6xx_HAL_Driver/stm32n6xx_hal_uart.o
                0x3400e534                UART_SetConfig
 .text.UART_AdvFeatureConfig
                0x3400e90c      0x144 ./Drivers/STM32N6xx_HAL_Driver/stm32n6xx_hal_uart.o
                0x3400e90c                UART_AdvFeatureConfig
 .text.UART_CheckIdleState
                0x3400ea50      0x154 ./Drivers/STM32N6xx_HAL_Driver/stm32n6xx_hal_uart.o
                0x3400ea50                UART_CheckIdleState
 .text.UART_WaitOnFlagUntilTimeout
                0x3400eba4       0xda ./Drivers/STM32N6xx_HAL_Driver/stm32n6xx_hal_uart.o
                0x3400eba4                UART_WaitOnFlagUntilTimeout
 *fill*         0x3400ec7e        0x2 
 .text.UART_Start_Receive_DMA
                0x3400ec80      0x1f0 ./Drivers/STM32N6xx_HAL_Driver/stm32n6xx_hal_uart.o
                0x3400ec80                UART_Start_Receive_DMA
 .text.UART_EndTxTransfer
                0x3400ee70       0x82 ./Drivers/STM32N6xx_HAL_Driver/stm32n6xx_hal_uart.o
 .text.UART_EndRxTransfer
                0x3400eef2       0xcc ./Drivers/STM32N6xx_HAL_Driver/stm32n6xx_hal_uart.o
 .text.UART_DMAReceiveCplt
                0x3400efbe      0x14c ./Drivers/STM32N6xx_HAL_Driver/stm32n6xx_hal_uart.o
 .text.UART_DMARxHalfCplt
                0x3400f10a       0x72 ./Drivers/STM32N6xx_HAL_Driver/stm32n6xx_hal_uart.o
 .text.UART_DMAError
                0x3400f17c       0x70 ./Drivers/STM32N6xx_HAL_Driver/stm32n6xx_hal_uart.o
 .text.UART_DMAAbortOnError
                0x3400f1ec       0x1c ./Drivers/STM32N6xx_HAL_Driver/stm32n6xx_hal_uart.o
 .text.UART_EndTransmit_IT
                0x3400f208       0x56 ./Drivers/STM32N6xx_HAL_Driver/stm32n6xx_hal_uart.o
 .text.HAL_UARTEx_WakeupCallback
                0x3400f25e       0x14 ./Drivers/STM32N6xx_HAL_Driver/stm32n6xx_hal_uart_ex.o
                0x3400f25e                HAL_UARTEx_WakeupCallback
 .text.HAL_UARTEx_RxFifoFullCallback
                0x3400f272       0x14 ./Drivers/STM32N6xx_HAL_Driver/stm32n6xx_hal_uart_ex.o
                0x3400f272                HAL_UARTEx_RxFifoFullCallback
 .text.HAL_UARTEx_TxFifoEmptyCallback
                0x3400f286       0x14 ./Drivers/STM32N6xx_HAL_Driver/stm32n6xx_hal_uart_ex.o
                0x3400f286                HAL_UARTEx_TxFifoEmptyCallback
 .text.HAL_UARTEx_DisableFifoMode
                0x3400f29a       0x72 ./Drivers/STM32N6xx_HAL_Driver/stm32n6xx_hal_uart_ex.o
                0x3400f29a                HAL_UARTEx_DisableFifoMode
 .text.HAL_UARTEx_SetTxFifoThreshold
                0x3400f30c       0x7c ./Drivers/STM32N6xx_HAL_Driver/stm32n6xx_hal_uart_ex.o
                0x3400f30c                HAL_UARTEx_SetTxFifoThreshold
 .text.HAL_UARTEx_SetRxFifoThreshold
                0x3400f388       0x7c ./Drivers/STM32N6xx_HAL_Driver/stm32n6xx_hal_uart_ex.o
                0x3400f388                HAL_UARTEx_SetRxFifoThreshold
 .text.HAL_UARTEx_ReceiveToIdle_DMA
                0x3400f404       0xa8 ./Drivers/STM32N6xx_HAL_Driver/stm32n6xx_hal_uart_ex.o
                0x3400f404                HAL_UARTEx_ReceiveToIdle_DMA
 .text.UARTEx_SetNbDataToProcess
                0x3400f4ac       0x9c ./Drivers/STM32N6xx_HAL_Driver/stm32n6xx_hal_uart_ex.o
 .text.__assert_func
                0x3400f548       0x3c /Applications/STM32CubeIDE.app/Contents/Eclipse/plugins/com.st.stm32cube.ide.mcu.externaltools.gnu-tools-for-stm32.13.3.rel1.macos64_1.0.100.202509120712/tools/bin/../lib/gcc/arm-none-eabi/13.3.1/../../../../arm-none-eabi/lib/thumb/v8-m.main+dp/hard/libc_nano.a(libc_a-assert.o)
                0x3400f548                __assert_func
 .text.std      0x3400f584       0x6c /Applications/STM32CubeIDE.app/Contents/Eclipse/plugins/com.st.stm32cube.ide.mcu.externaltools.gnu-tools-for-stm32.13.3.rel1.macos64_1.0.100.202509120712/tools/bin/../lib/gcc/arm-none-eabi/13.3.1/../../../../arm-none-eabi/lib/thumb/v8-m.main+dp/hard/libc_nano.a(libc_a-findfp.o)
 .text.stdio_exit_handler
                0x3400f5f0       0x18 /Applications/STM32CubeIDE.app/Contents/Eclipse/plugins/com.st.stm32cube.ide.mcu.externaltools.gnu-tools-for-stm32.13.3.rel1.macos64_1.0.100.202509120712/tools/bin/../lib/gcc/arm-none-eabi/13.3.1/../../../../arm-none-eabi/lib/thumb/v8-m.main+dp/hard/libc_nano.a(libc_a-findfp.o)
 .text.cleanup_stdio
                0x3400f608       0x40 /Applications/STM32CubeIDE.app/Contents/Eclipse/plugins/com.st.stm32cube.ide.mcu.externaltools.gnu-tools-for-stm32.13.3.rel1.macos64_1.0.100.202509120712/tools/bin/../lib/gcc/arm-none-eabi/13.3.1/../../../../arm-none-eabi/lib/thumb/v8-m.main+dp/hard/libc_nano.a(libc_a-findfp.o)
 .text.global_stdio_init.part.0
                0x3400f648       0x3c /Applications/STM32CubeIDE.app/Contents/Eclipse/plugins/com.st.stm32cube.ide.mcu.externaltools.gnu-tools-for-stm32.13.3.rel1.macos64_1.0.100.202509120712/tools/bin/../lib/gcc/arm-none-eabi/13.3.1/../../../../arm-none-eabi/lib/thumb/v8-m.main+dp/hard/libc_nano.a(libc_a-findfp.o)
 .text.__sfp_lock_acquire
                0x3400f684        0xc /Applications/STM32CubeIDE.app/Contents/Eclipse/plugins/com.st.stm32cube.ide.mcu.externaltools.gnu-tools-for-stm32.13.3.rel1.macos64_1.0.100.202509120712/tools/bin/../lib/gcc/arm-none-eabi/13.3.1/../../../../arm-none-eabi/lib/thumb/v8-m.main+dp/hard/libc_nano.a(libc_a-findfp.o)
                0x3400f684                __sfp_lock_acquire
 .text.__sfp_lock_release
                0x3400f690        0xc /Applications/STM32CubeIDE.app/Contents/Eclipse/plugins/com.st.stm32cube.ide.mcu.externaltools.gnu-tools-for-stm32.13.3.rel1.macos64_1.0.100.202509120712/tools/bin/../lib/gcc/arm-none-eabi/13.3.1/../../../../arm-none-eabi/lib/thumb/v8-m.main+dp/hard/libc_nano.a(libc_a-findfp.o)
                0x3400f690                __sfp_lock_release
 .text.__sinit  0x3400f69c       0x30 /Applications/STM32CubeIDE.app/Contents/Eclipse/plugins/com.st.stm32cube.ide.mcu.externaltools.gnu-tools-for-stm32.13.3.rel1.macos64_1.0.100.202509120712/tools/bin/../lib/gcc/arm-none-eabi/13.3.1/../../../../arm-none-eabi/lib/thumb/v8-m.main+dp/hard/libc_nano.a(libc_a-findfp.o)
                0x3400f69c                __sinit
 .text.fprintf  0x3400f6cc       0x24 /Applications/STM32CubeIDE.app/Contents/Eclipse/plugins/com.st.stm32cube.ide.mcu.externaltools.gnu-tools-for-stm32.13.3.rel1.macos64_1.0.100.202509120712/tools/bin/../lib/gcc/arm-none-eabi/13.3.1/../../../../arm-none-eabi/lib/thumb/v8-m.main+dp/hard/libc_nano.a(libc_a-fprintf.o)
                0x3400f6cc                fprintf
                0x3400f6cc                fiprintf
 .text._fwalk_sglue
                0x3400f6f0       0x3c /Applications/STM32CubeIDE.app/Contents/Eclipse/plugins/com.st.stm32cube.ide.mcu.externaltools.gnu-tools-for-stm32.13.3.rel1.macos64_1.0.100.202509120712/tools/bin/../lib/gcc/arm-none-eabi/13.3.1/../../../../arm-none-eabi/lib/thumb/v8-m.main+dp/hard/libc_nano.a(libc_a-fwalk.o)
                0x3400f6f0                _fwalk_sglue
 .text.memset   0x3400f72c       0x10 /Applications/STM32CubeIDE.app/Contents/Eclipse/plugins/com.st.stm32cube.ide.mcu.externaltools.gnu-tools-for-stm32.13.3.rel1.macos64_1.0.100.202509120712/tools/bin/../lib/gcc/arm-none-eabi/13.3.1/../../../../arm-none-eabi/lib/thumb/v8-m.main+dp/hard/libc_nano.a(libc_a-memset.o)
                0x3400f72c                memset
 .text.__errno  0x3400f73c        0xc /Applications/STM32CubeIDE.app/Contents/Eclipse/plugins/com.st.stm32cube.ide.mcu.externaltools.gnu-tools-for-stm32.13.3.rel1.macos64_1.0.100.202509120712/tools/bin/../lib/gcc/arm-none-eabi/13.3.1/../../../../arm-none-eabi/lib/thumb/v8-m.main+dp/hard/libc_nano.a(libc_a-errno.o)
                0x3400f73c                __errno
 .text.__libc_init_array
                0x3400f748       0x48 /Applications/STM32CubeIDE.app/Contents/Eclipse/plugins/com.st.stm32cube.ide.mcu.externaltools.gnu-tools-for-stm32.13.3.rel1.macos64_1.0.100.202509120712/tools/bin/../lib/gcc/arm-none-eabi/13.3.1/../../../../arm-none-eabi/lib/thumb/v8-m.main+dp/hard/libc_nano.a(libc_a-init.o)
                0x3400f748                __libc_init_array
 .text.__retarget_lock_init_recursive
                0x3400f790        0x2 /Applications/STM32CubeIDE.app/Contents/Eclipse/plugins/com.st.stm32cube.ide.mcu.externaltools.gnu-tools-for-stm32.13.3.rel1.macos64_1.0.100.202509120712/tools/bin/../lib/gcc/arm-none-eabi/13.3.1/../../../../arm-none-eabi/lib/thumb/v8-m.main+dp/hard/libc_nano.a(libc_a-lock.o)
                0x3400f790                __retarget_lock_init_recursive
 .text.__retarget_lock_acquire_recursive
                0x3400f792        0x2 /Applications/STM32CubeIDE.app/Contents/Eclipse/plugins/com.st.stm32cube.ide.mcu.externaltools.gnu-tools-for-stm32.13.3.rel1.macos64_1.0.100.202509120712/tools/bin/../lib/gcc/arm-none-eabi/13.3.1/../../../../arm-none-eabi/lib/thumb/v8-m.main+dp/hard/libc_nano.a(libc_a-lock.o)
                0x3400f792                __retarget_lock_acquire_recursive
 .text.__retarget_lock_release_recursive
                0x3400f794        0x2 /Applications/STM32CubeIDE.app/Contents/Eclipse/plugins/com.st.stm32cube.ide.mcu.externaltools.gnu-tools-for-stm32.13.3.rel1.macos64_1.0.100.202509120712/tools/bin/../lib/gcc/arm-none-eabi/13.3.1/../../../../arm-none-eabi/lib/thumb/v8-m.main+dp/hard/libc_nano.a(libc_a-lock.o)
                0x3400f794                __retarget_lock_release_recursive
 .text.abort    0x3400f796        0xe /Applications/STM32CubeIDE.app/Contents/Eclipse/plugins/com.st.stm32cube.ide.mcu.externaltools.gnu-tools-for-stm32.13.3.rel1.macos64_1.0.100.202509120712/tools/bin/../lib/gcc/arm-none-eabi/13.3.1/../../../../arm-none-eabi/lib/thumb/v8-m.main+dp/hard/libc_nano.a(libc_a-abort.o)
                0x3400f796                abort
 .text.__sfputc_r
                0x3400f7a4       0x2e /Applications/STM32CubeIDE.app/Contents/Eclipse/plugins/com.st.stm32cube.ide.mcu.externaltools.gnu-tools-for-stm32.13.3.rel1.macos64_1.0.100.202509120712/tools/bin/../lib/gcc/arm-none-eabi/13.3.1/../../../../arm-none-eabi/lib/thumb/v8-m.main+dp/hard/libc_nano.a(libc_a-nano-vfprintf.o)
 .text.__sfputs_r
                0x3400f7d2       0x24 /Applications/STM32CubeIDE.app/Contents/Eclipse/plugins/com.st.stm32cube.ide.mcu.externaltools.gnu-tools-for-stm32.13.3.rel1.macos64_1.0.100.202509120712/tools/bin/../lib/gcc/arm-none-eabi/13.3.1/../../../../arm-none-eabi/lib/thumb/v8-m.main+dp/hard/libc_nano.a(libc_a-nano-vfprintf.o)
                0x3400f7d2                __sfputs_r
 *fill*         0x3400f7f6        0x2 
 .text._vfprintf_r
                0x3400f7f8      0x230 /Applications/STM32CubeIDE.app/Contents/Eclipse/plugins/com.st.stm32cube.ide.mcu.externaltools.gnu-tools-for-stm32.13.3.rel1.macos64_1.0.100.202509120712/tools/bin/../lib/gcc/arm-none-eabi/13.3.1/../../../../arm-none-eabi/lib/thumb/v8-m.main+dp/hard/libc_nano.a(libc_a-nano-vfprintf.o)
                0x3400f7f8                _vfiprintf_r
                0x3400f7f8                _vfprintf_r
 .text.sbrk_aligned
                0x3400fa28       0x44 /Applications/STM32CubeIDE.app/Contents/Eclipse/plugins/com.st.stm32cube.ide.mcu.externaltools.gnu-tools-for-stm32.13.3.rel1.macos64_1.0.100.202509120712/tools/bin/../lib/gcc/arm-none-eabi/13.3.1/../../../../arm-none-eabi/lib/thumb/v8-m.main+dp/hard/libc_nano.a(libc_a-mallocr.o)
 .text._malloc_r
                0x3400fa6c      0x100 /Applications/STM32CubeIDE.app/Contents/Eclipse/plugins/com.st.stm32cube.ide.mcu.externaltools.gnu-tools-for-stm32.13.3.rel1.macos64_1.0.100.202509120712/tools/bin/../lib/gcc/arm-none-eabi/13.3.1/../../../../arm-none-eabi/lib/thumb/v8-m.main+dp/hard/libc_nano.a(libc_a-mallocr.o)
                0x3400fa6c                _malloc_r
 .text._printf_common
                0x3400fb6c       0xe4 /Applications/STM32CubeIDE.app/Contents/Eclipse/plugins/com.st.stm32cube.ide.mcu.externaltools.gnu-tools-for-stm32.13.3.rel1.macos64_1.0.100.202509120712/tools/bin/../lib/gcc/arm-none-eabi/13.3.1/../../../../arm-none-eabi/lib/thumb/v8-m.main+dp/hard/libc_nano.a(libc_a-nano-vfprintf_i.o)
                0x3400fb6c                _printf_common
 .text._printf_i
                0x3400fc50      0x23c /Applications/STM32CubeIDE.app/Contents/Eclipse/plugins/com.st.stm32cube.ide.mcu.externaltools.gnu-tools-for-stm32.13.3.rel1.macos64_1.0.100.202509120712/tools/bin/../lib/gcc/arm-none-eabi/13.3.1/../../../../arm-none-eabi/lib/thumb/v8-m.main+dp/hard/libc_nano.a(libc_a-nano-vfprintf_i.o)
                0x3400fc50                _printf_i
 .text.__sflush_r
                0x3400fe8c      0x108 /Applications/STM32CubeIDE.app/Contents/Eclipse/plugins/com.st.stm32cube.ide.mcu.externaltools.gnu-tools-for-stm32.13.3.rel1.macos64_1.0.100.202509120712/tools/bin/../lib/gcc/arm-none-eabi/13.3.1/../../../../arm-none-eabi/lib/thumb/v8-m.main+dp/hard/libc_nano.a(libc_a-fflush.o)
                0x3400fe8c                __sflush_r
 .text._fflush_r
                0x3400ff94       0x50 /Applications/STM32CubeIDE.app/Contents/Eclipse/plugins/com.st.stm32cube.ide.mcu.externaltools.gnu-tools-for-stm32.13.3.rel1.macos64_1.0.100.202509120712/tools/bin/../lib/gcc/arm-none-eabi/13.3.1/../../../../arm-none-eabi/lib/thumb/v8-m.main+dp/hard/libc_nano.a(libc_a-fflush.o)
                0x3400ff94                _fflush_r
 .text.__malloc_lock
                0x3400ffe4        0xc /Applications/STM32CubeIDE.app/Contents/Eclipse/plugins/com.st.stm32cube.ide.mcu.externaltools.gnu-tools-for-stm32.13.3.rel1.macos64_1.0.100.202509120712/tools/bin/../lib/gcc/arm-none-eabi/13.3.1/../../../../arm-none-eabi/lib/thumb/v8-m.main+dp/hard/libc_nano.a(libc_a-mlock.o)
                0x3400ffe4                __malloc_lock
 .text.__malloc_unlock
                0x3400fff0        0xc /Applications/STM32CubeIDE.app/Contents/Eclipse/plugins/com.st.stm32cube.ide.mcu.externaltools.gnu-tools-for-stm32.13.3.rel1.macos64_1.0.100.202509120712/tools/bin/../lib/gcc/arm-none-eabi/13.3.1/../../../../arm-none-eabi/lib/thumb/v8-m.main+dp/hard/libc_nano.a(libc_a-mlock.o)
                0x3400fff0                __malloc_unlock
 .text.__sread  0x3400fffc       0x22 /Applications/STM32CubeIDE.app/Contents/Eclipse/plugins/com.st.stm32cube.ide.mcu.externaltools.gnu-tools-for-stm32.13.3.rel1.macos64_1.0.100.202509120712/tools/bin/../lib/gcc/arm-none-eabi/13.3.1/../../../../arm-none-eabi/lib/thumb/v8-m.main+dp/hard/libc_nano.a(libc_a-stdio.o)
                0x3400fffc                __sread
 .text.__swrite
                0x3401001e       0x38 /Applications/STM32CubeIDE.app/Contents/Eclipse/plugins/com.st.stm32cube.ide.mcu.externaltools.gnu-tools-for-stm32.13.3.rel1.macos64_1.0.100.202509120712/tools/bin/../lib/gcc/arm-none-eabi/13.3.1/../../../../arm-none-eabi/lib/thumb/v8-m.main+dp/hard/libc_nano.a(libc_a-stdio.o)
                0x3401001e                __swrite
 .text.__sseek  0x34010056       0x24 /Applications/STM32CubeIDE.app/Contents/Eclipse/plugins/com.st.stm32cube.ide.mcu.externaltools.gnu-tools-for-stm32.13.3.rel1.macos64_1.0.100.202509120712/tools/bin/../lib/gcc/arm-none-eabi/13.3.1/../../../../arm-none-eabi/lib/thumb/v8-m.main+dp/hard/libc_nano.a(libc_a-stdio.o)
                0x34010056                __sseek
 .text.__sclose
                0x3401007a        0x8 /Applications/STM32CubeIDE.app/Contents/Eclipse/plugins/com.st.stm32cube.ide.mcu.externaltools.gnu-tools-for-stm32.13.3.rel1.macos64_1.0.100.202509120712/tools/bin/../lib/gcc/arm-none-eabi/13.3.1/../../../../arm-none-eabi/lib/thumb/v8-m.main+dp/hard/libc_nano.a(libc_a-stdio.o)
                0x3401007a                __sclose
 .text.__swbuf_r
                0x34010082       0x7c /Applications/STM32CubeIDE.app/Contents/Eclipse/plugins/com.st.stm32cube.ide.mcu.externaltools.gnu-tools-for-stm32.13.3.rel1.macos64_1.0.100.202509120712/tools/bin/../lib/gcc/arm-none-eabi/13.3.1/../../../../arm-none-eabi/lib/thumb/v8-m.main+dp/hard/libc_nano.a(libc_a-wbuf.o)
                0x34010082                __swbuf_r
 *fill*         0x340100fe        0x2 
 .text.__swsetup_r
                0x34010100       0xac /Applications/STM32CubeIDE.app/Contents/Eclipse/plugins/com.st.stm32cube.ide.mcu.externaltools.gnu-tools-for-stm32.13.3.rel1.macos64_1.0.100.202509120712/tools/bin/../lib/gcc/arm-none-eabi/13.3.1/../../../../arm-none-eabi/lib/thumb/v8-m.main+dp/hard/libc_nano.a(libc_a-wsetup.o)
                0x34010100                __swsetup_r
 .text.__swhatbuf_r
                0x340101ac       0x4a /Applications/STM32CubeIDE.app/Contents/Eclipse/plugins/com.st.stm32cube.ide.mcu.externaltools.gnu-tools-for-stm32.13.3.rel1.macos64_1.0.100.202509120712/tools/bin/../lib/gcc/arm-none-eabi/13.3.1/../../../../arm-none-eabi/lib/thumb/v8-m.main+dp/hard/libc_nano.a(libc_a-makebuf.o)
                0x340101ac                __swhatbuf_r
 .text.__smakebuf_r
                0x340101f6       0x78 /Applications/STM32CubeIDE.app/Contents/Eclipse/plugins/com.st.stm32cube.ide.mcu.externaltools.gnu-tools-for-stm32.13.3.rel1.macos64_1.0.100.202509120712/tools/bin/../lib/gcc/arm-none-eabi/13.3.1/../../../../arm-none-eabi/lib/thumb/v8-m.main+dp/hard/libc_nano.a(libc_a-makebuf.o)
                0x340101f6                __smakebuf_r
 .text._raise_r
                0x3401026e       0x50 /Applications/STM32CubeIDE.app/Contents/Eclipse/plugins/com.st.stm32cube.ide.mcu.externaltools.gnu-tools-for-stm32.13.3.rel1.macos64_1.0.100.202509120712/tools/bin/../lib/gcc/arm-none-eabi/13.3.1/../../../../arm-none-eabi/lib/thumb/v8-m.main+dp/hard/libc_nano.a(libc_a-signal.o)
                0x3401026e                _raise_r
 *fill*         0x340102be        0x2 
 .text.raise    0x340102c0       0x10 /Applications/STM32CubeIDE.app/Contents/Eclipse/plugins/com.st.stm32cube.ide.mcu.externaltools.gnu-tools-for-stm32.13.3.rel1.macos64_1.0.100.202509120712/tools/bin/../lib/gcc/arm-none-eabi/13.3.1/../../../../arm-none-eabi/lib/thumb/v8-m.main+dp/hard/libc_nano.a(libc_a-signal.o)
                0x340102c0                raise
 .text._isatty_r
                0x340102d0       0x20 /Applications/STM32CubeIDE.app/Contents/Eclipse/plugins/com.st.stm32cube.ide.mcu.externaltools.gnu-tools-for-stm32.13.3.rel1.macos64_1.0.100.202509120712/tools/bin/../lib/gcc/arm-none-eabi/13.3.1/../../../../arm-none-eabi/lib/thumb/v8-m.main+dp/hard/libc_nano.a(libc_a-isattyr.o)
                0x340102d0                _isatty_r
 .text._lseek_r
                0x340102f0       0x24 /Applications/STM32CubeIDE.app/Contents/Eclipse/plugins/com.st.stm32cube.ide.mcu.externaltools.gnu-tools-for-stm32.13.3.rel1.macos64_1.0.100.202509120712/tools/bin/../lib/gcc/arm-none-eabi/13.3.1/../../../../arm-none-eabi/lib/thumb/v8-m.main+dp/hard/libc_nano.a(libc_a-lseekr.o)
                0x340102f0                _lseek_r
 .text._read_r  0x34010314       0x24 /Applications/STM32CubeIDE.app/Contents/Eclipse/plugins/com.st.stm32cube.ide.mcu.externaltools.gnu-tools-for-stm32.13.3.rel1.macos64_1.0.100.202509120712/tools/bin/../lib/gcc/arm-none-eabi/13.3.1/../../../../arm-none-eabi/lib/thumb/v8-m.main+dp/hard/libc_nano.a(libc_a-readr.o)
                0x34010314                _read_r
 .text._kill_r  0x34010338       0x24 /Applications/STM32CubeIDE.app/Contents/Eclipse/plugins/com.st.stm32cube.ide.mcu.externaltools.gnu-tools-for-stm32.13.3.rel1.macos64_1.0.100.202509120712/tools/bin/../lib/gcc/arm-none-eabi/13.3.1/../../../../arm-none-eabi/lib/thumb/v8-m.main+dp/hard/libc_nano.a(libc_a-signalr.o)
                0x34010338                _kill_r
 .text._getpid_r
                0x3401035c        0x4 /Applications/STM32CubeIDE.app/Contents/Eclipse/plugins/com.st.stm32cube.ide.mcu.externaltools.gnu-tools-for-stm32.13.3.rel1.macos64_1.0.100.202509120712/tools/bin/../lib/gcc/arm-none-eabi/13.3.1/../../../../arm-none-eabi/lib/thumb/v8-m.main+dp/hard/libc_nano.a(libc_a-signalr.o)
                0x3401035c                _getpid_r
 .text._sbrk_r  0x34010360       0x20 /Applications/STM32CubeIDE.app/Contents/Eclipse/plugins/com.st.stm32cube.ide.mcu.externaltools.gnu-tools-for-stm32.13.3.rel1.macos64_1.0.100.202509120712/tools/bin/../lib/gcc/arm-none-eabi/13.3.1/../../../../arm-none-eabi/lib/thumb/v8-m.main+dp/hard/libc_nano.a(libc_a-sbrkr.o)
                0x34010360                _sbrk_r
 .text._write_r
                0x34010380       0x24 /Applications/STM32CubeIDE.app/Contents/Eclipse/plugins/com.st.stm32cube.ide.mcu.externaltools.gnu-tools-for-stm32.13.3.rel1.macos64_1.0.100.202509120712/tools/bin/../lib/gcc/arm-none-eabi/13.3.1/../../../../arm-none-eabi/lib/thumb/v8-m.main+dp/hard/libc_nano.a(libc_a-writer.o)
                0x34010380                _write_r
 .text._close_r
                0x340103a4       0x20 /Applications/STM32CubeIDE.app/Contents/Eclipse/plugins/com.st.stm32cube.ide.mcu.externaltools.gnu-tools-for-stm32.13.3.rel1.macos64_1.0.100.202509120712/tools/bin/../lib/gcc/arm-none-eabi/13.3.1/../../../../arm-none-eabi/lib/thumb/v8-m.main+dp/hard/libc_nano.a(libc_a-closer.o)
                0x340103a4                _close_r
 .text._fstat_r
                0x340103c4       0x24 /Applications/STM32CubeIDE.app/Contents/Eclipse/plugins/com.st.stm32cube.ide.mcu.externaltools.gnu-tools-for-stm32.13.3.rel1.macos64_1.0.100.202509120712/tools/bin/../lib/gcc/arm-none-eabi/13.3.1/../../../../arm-none-eabi/lib/thumb/v8-m.main+dp/hard/libc_nano.a(libc_a-fstatr.o)
                0x340103c4                _fstat_r
 .text.memchr   0x340103e8       0x1c /Applications/STM32CubeIDE.app/Contents/Eclipse/plugins/com.st.stm32cube.ide.mcu.externaltools.gnu-tools-for-stm32.13.3.rel1.macos64_1.0.100.202509120712/tools/bin/../lib/gcc/arm-none-eabi/13.3.1/../../../../arm-none-eabi/lib/thumb/v8-m.main+dp/hard/libc_nano.a(libc_a-memchr-stub.o)
                0x340103e8                memchr
 .text._free_r  0x34010404       0x94 /Applications/STM32CubeIDE.app/Contents/Eclipse/plugins/com.st.stm32cube.ide.mcu.externaltools.gnu-tools-for-stm32.13.3.rel1.macos64_1.0.100.202509120712/tools/bin/../lib/gcc/arm-none-eabi/13.3.1/../../../../arm-none-eabi/lib/thumb/v8-m.main+dp/hard/libc_nano.a(libc_a-freer.o)
                0x34010404                _free_r
 *(.glue_7)
 .glue_7        0x34010498        0x0 linker stubs
 *(.glue_7t)
 .glue_7t       0x34010498        0x0 linker stubs
 *(.eh_frame)
 .eh_frame      0x34010498        0x0 /Applications/STM32CubeIDE.app/Contents/Eclipse/plugins/com.st.stm32cube.ide.mcu.externaltools.gnu-tools-for-stm32.13.3.rel1.macos64_1.0.100.202509120712/tools/bin/../lib/gcc/arm-none-eabi/13.3.1/thumb/v8-m.main+dp/hard/crtbegin.o
 *(.RamFunc)
 *(.RamFunc*)
 *(.init)
 .init          0x34010498        0x4 /Applications/STM32CubeIDE.app/Contents/Eclipse/plugins/com.st.stm32cube.ide.mcu.externaltools.gnu-tools-for-stm32.13.3.rel1.macos64_1.0.100.202509120712/tools/bin/../lib/gcc/arm-none-eabi/13.3.1/thumb/v8-m.main+dp/hard/crti.o
                0x34010498                _init
 .init          0x3401049c        0x8 /Applications/STM32CubeIDE.app/Contents/Eclipse/plugins/com.st.stm32cube.ide.mcu.externaltools.gnu-tools-for-stm32.13.3.rel1.macos64_1.0.100.202509120712/tools/bin/../lib/gcc/arm-none-eabi/13.3.1/thumb/v8-m.main+dp/hard/crtn.o
 *(.fini)
 .fini          0x340104a4        0x4 /Applications/STM32CubeIDE.app/Contents/Eclipse/plugins/com.st.stm32cube.ide.mcu.externaltools.gnu-tools-for-stm32.13.3.rel1.macos64_1.0.100.202509120712/tools/bin/../lib/gcc/arm-none-eabi/13.3.1/thumb/v8-m.main+dp/hard/crti.o
                0x340104a4                _fini
 .fini          0x340104a8        0x8 /Applications/STM32CubeIDE.app/Contents/Eclipse/plugins/com.st.stm32cube.ide.mcu.externaltools.gnu-tools-for-stm32.13.3.rel1.macos64_1.0.100.202509120712/tools/bin/../lib/gcc/arm-none-eabi/13.3.1/thumb/v8-m.main+dp/hard/crtn.o
                0x340104b0                        . = ALIGN (0x4)
                0x340104b0                        _etext = .

.vfp11_veneer   0x340104b0        0x0
 .vfp11_veneer  0x340104b0        0x0 linker stubs

.v4_bx          0x340104b0        0x0
 .v4_bx         0x340104b0        0x0 linker stubs

.iplt           0x340104b0        0x0
 .iplt          0x340104b0        0x0 /Applications/STM32CubeIDE.app/Contents/Eclipse/plugins/com.st.stm32cube.ide.mcu.externaltools.gnu-tools-for-stm32.13.3.rel1.macos64_1.0.100.202509120712/tools/bin/../lib/gcc/arm-none-eabi/13.3.1/thumb/v8-m.main+dp/hard/crtbegin.o

.rodata         0x340104b0      0x188
                0x340104b0                        . = ALIGN (0x4)
 *(.rodata)
 .rodata        0x340104b0       0xba ./Core/Src/ads131m0x.o
 *(.rodata*)
 *fill*         0x3401056a        0x2 
 .rodata.__func__.6
                0x3401056c       0x11 ./Core/Src/ads131m0x.o
 *fill*         0x3401057d        0x3 
 .rodata.__func__.4
                0x34010580       0x14 ./Core/Src/ads131m0x.o
 .rodata.__func__.3
                0x34010594        0xc ./Core/Src/ads131m0x.o
 .rodata.UARTPrescTable
                0x340105a0       0x18 ./Drivers/STM32N6xx_HAL_Driver/stm32n6xx_hal_uart.o
                0x340105a0                UARTPrescTable
 .rodata.numerator.1
                0x340105b8        0x8 ./Drivers/STM32N6xx_HAL_Driver/stm32n6xx_hal_uart_ex.o
 .rodata.denominator.0
                0x340105c0        0x8 ./Drivers/STM32N6xx_HAL_Driver/stm32n6xx_hal_uart_ex.o
 .rodata.__assert_func.str1.1
                0x340105c8       0x6f /Applications/STM32CubeIDE.app/Contents/Eclipse/plugins/com.st.stm32cube.ide.mcu.externaltools.gnu-tools-for-stm32.13.3.rel1.macos64_1.0.100.202509120712/tools/bin/../lib/gcc/arm-none-eabi/13.3.1/../../../../arm-none-eabi/lib/thumb/v8-m.main+dp/hard/libc_nano.a(libc_a-assert.o)
                                 0x3d (size before relaxing)
 .rodata._vfprintf_r.str1.1
                0x34010637        0x0 /Applications/STM32CubeIDE.app/Contents/Eclipse/plugins/com.st.stm32cube.ide.mcu.externaltools.gnu-tools-for-stm32.13.3.rel1.macos64_1.0.100.202509120712/tools/bin/../lib/gcc/arm-none-eabi/13.3.1/../../../../arm-none-eabi/lib/thumb/v8-m.main+dp/hard/libc_nano.a(libc_a-nano-vfprintf.o)
                                 0x11 (size before relaxing)
 .rodata._printf_i.str1.1
                0x34010637        0x0 /Applications/STM32CubeIDE.app/Contents/Eclipse/plugins/com.st.stm32cube.ide.mcu.externaltools.gnu-tools-for-stm32.13.3.rel1.macos64_1.0.100.202509120712/tools/bin/../lib/gcc/arm-none-eabi/13.3.1/../../../../arm-none-eabi/lib/thumb/v8-m.main+dp/hard/libc_nano.a(libc_a-nano-vfprintf_i.o)
                                 0x22 (size before relaxing)
                0x34010638                        . = ALIGN (0x4)
 *fill*         0x34010637        0x1 

.ARM.extab      0x34010638        0x0
                0x34010638                        . = ALIGN (0x4)
 *(.ARM.extab* .gnu.linkonce.armextab.*)
                0x34010638                        . = ALIGN (0x4)

.ARM            0x34010638        0x8
                0x34010638                        . = ALIGN (0x4)
                0x34010638                        __exidx_start = .
 *(.ARM.exidx*)
 .ARM.exidx     0x34010638        0x8 /Applications/STM32CubeIDE.app/Contents/Eclipse/plugins/com.st.stm32cube.ide.mcu.externaltools.gnu-tools-for-stm32.13.3.rel1.macos64_1.0.100.202509120712/tools/bin/../lib/gcc/arm-none-eabi/13.3.1/thumb/v8-m.main+dp/hard/libgcc.a(_udivmoddi4.o)
                0x34010640                        __exidx_end = .
                0x34010640                        . = ALIGN (0x4)

.rel.dyn        0x34010640        0x0
 .rel.iplt      0x34010640        0x0 /Applications/STM32CubeIDE.app/Contents/Eclipse/plugins/com.st.stm32cube.ide.mcu.externaltools.gnu-tools-for-stm32.13.3.rel1.macos64_1.0.100.202509120712/tools/bin/../lib/gcc/arm-none-eabi/13.3.1/thumb/v8-m.main+dp/hard/crtbegin.o

.preinit_array  0x34010640        0x0
                0x34010640                        . = ALIGN (0x4)
                0x34010640                        PROVIDE (__preinit_array_start = .)
 *(.preinit_array*)
                0x34010640                        PROVIDE (__preinit_array_end = .)
                0x34010640                        . = ALIGN (0x4)

.init_array     0x34010640        0x4
                0x34010640                        . = ALIGN (0x4)
                0x34010640                        PROVIDE (__init_array_start = .)
 *(SORT_BY_NAME(.init_array.*))
 *(.init_array*)
 .init_array    0x34010640        0x4 /Applications/STM32CubeIDE.app/Contents/Eclipse/plugins/com.st.stm32cube.ide.mcu.externaltools.gnu-tools-for-stm32.13.3.rel1.macos64_1.0.100.202509120712/tools/bin/../lib/gcc/arm-none-eabi/13.3.1/thumb/v8-m.main+dp/hard/crtbegin.o
                0x34010644                        PROVIDE (__init_array_end = .)