../../Drivers/STM32N6xx_HAL_Driver/Inc/stm32n6xx_ll_bus.h:879:22:LL_AHB1_GRP1_EnableClock	24	static
../../Drivers/STM32N6xx_HAL_Driver/Inc/stm32n6xx_ll_bus.h:1165:22:LL_AHB3_GRP1_EnableClock	24	static
../../Drivers/STM32N6xx_HAL_Driver/Inc/stm32n6xx_ll_bus.h:1407:22:LL_AHB4_GRP1_EnableClock	24	static
../Core/Src/main.c:84:5:main	112	static,ignoring_inline_asm
../Core/Src/main.c:168:13:NonSecure_Init	16	static,ignoring_inline_asm
../Core/Src/main.c:189:13:MX_GPDMA1_Init	8	static
../Core/Src/main.c:223:13:MX_SPI5_Init	8	static
../Core/Src/main.c:271:13:MX_USART1_UART_Init	8	static
../Core/Src/main.c:319:13:MX_GPIO_Init	32	static
../Core/Src/main.c:387:15:SystemIsolation_Config	8	static
../Core/Src/main.c:431:6:HAL_GPIO_EXTI_Callback	16	static
../Core/Src/main.c:439:6:HAL_SPI_TxCpltCallback	16	static
../Core/Src/main.c:452:6:Error_Handler	4	static,ignoring_inline_asm
