../Core/Src/ads131m0x.c:120:6:HAL_SPI_AdcCallback	4	static
../Core/Src/ads131m0x.c:129:6:HAL_SPI_TX_AdcCallback	4	static
../Core/Src/ads131m0x.c:136:6:HAL_DRDY_AdcCallback	4	static
../Core/Src/ads131m0x.c:161:10:getRegisterValue	16	static
../Core/Src/ads131m0x.c:167:6:setCS	16	static
../Core/Src/ads131m0x.c:174:10:sendCommandDMA	24	static
../Core/Src/ads131m0x.c:214:10:adcStartup	16	static
../Core/Src/ads131m0x.c:307:10:readSingleRegister	80	static
../Core/Src/ads131m0x.c:365:10:writeSingleRegister	88	static,ignoring_inline_asm
../Core/Src/ads131m0x.c:460:10:SETGAIN	16	static
../Core/Src/ads131m0x.c:467:10:SETCLOCK	16	static
../Core/Src/ads131m0x.c:474:10:SETDCBLOCK	16	static
../Core/Src/ads131m0x.c:481:10:CH0OFFSET	16	static
../Core/Src/ads131m0x.c:489:10:CH1OFFSET	16	static
../Core/Src/ads131m0x.c:497:10:CH0GAIN	16	static
../Core/Src/ads131m0x.c:505:10:CH1GAIN	16	static
../Core/Src/ads131m0x.c:513:10:AutoOffsetCH0CH1	96	static
../Core/Src/ads131m0x.c:564:9:crc8	24	static
../Core/Src/ads131m0x.c:570:6:CommandHandler	24	static
../Core/Src/ads131m0x.c:635:6:readData	32	static
../Core/Src/ads131m0x.c:771:6:readData_DMA	24	static
../Core/Src/ads131m0x.c:805:10:sendCommand	40	static,ignoring_inline_asm
../Core/Src/ads131m0x.c:893:6:resetDevice	56	static
../Core/Src/ads131m0x.c:951:6:lockRegisters	32	static
../Core/Src/ads131m0x.c:1017:6:unlockRegisters	32	static
../Core/Src/ads131m0x.c:1089:10:calculateCRC	32	static
../Core/Src/ads131m0x.c:1174:6:restoreRegisterDefaults	4	static
../Core/Src/ads131m0x.c:1262:9:upperByte	24	static
../Core/Src/ads131m0x.c:1283:9:lowerByte	24	static
../Core/Src/ads131m0x.c:1305:10:combineBytes	24	static
../Core/Src/ads131m0x.c:1326:9:signExtend	32	static
../Core/Src/ads131m0x.c:1389:9:buildSPIarray	40	static
../Core/Src/ads131m0x.c:1434:10:enforce_selected_device_modes	16	static
../Core/Src/ads131m0x.c:1510:9:getWordByteLength	8	static
